The target system is: Buildroot - 1 - aarch64
The host system is: Linux - 6.8.0-107-generic - x86_64
Compiling the C compiler identification source file "CMakeCCompilerId.c" succeeded.
Compiler: /opt/atk-dlrk3588-toolchain/bin/aarch64-buildroot-linux-gnu-gcc 
Build flags: -D_LARGEFILE_SOURCE;-D_LARGEFILE64_SOURCE;-D_FILE_OFFSET_BITS=64;-Os;-g0;-D_FORTIFY_SOURCE=1
Id flags:  

The output was:
0


Compilation of the C compiler identification source "CMakeCCompilerId.c" produced "a.out"

The C compiler identification is GNU, found in "/home/shizhan/5808/sz/195_202600519_eis/libsrc_mtx/build/CMakeFiles/3.22.1/CompilerIdC/a.out"

Compiling the CXX compiler identification source file "CMakeCXXCompilerId.cpp" succeeded.
Compiler: /opt/atk-dlrk3588-toolchain/bin/aarch64-buildroot-linux-gnu-g++ 
Build flags: -D_LARGEFILE_SOURCE;-D_LARGEFILE64_SOURCE;-D_FILE_OFFSET_BITS=64;-Os;-g0;-D_FORTIFY_SOURCE=1
Id flags:  

The output was:
0


Compilation of the CXX compiler identification source "CMakeCXXCompilerId.cpp" produced "a.out"

The CXX compiler identification is GNU, found in "/home/shizhan/5808/sz/195_202600519_eis/libsrc_mtx/build/CMakeFiles/3.22.1/CompilerIdCXX/a.out"

Detecting C compiler ABI info compiled with the following output:
Change Dir: /home/shizhan/5808/sz/195_202600519_eis/libsrc_mtx/build/CMakeFiles/CMakeTmp

Run Build Command(s):/usr/bin/gmake -f Makefile cmTC_2ed72/fast && /usr/bin/gmake  -f CMakeFiles/cmTC_2ed72.dir/build.make CMakeFiles/cmTC_2ed72.dir/build
gmake[1]: Entering directory '/home/shizhan/5808/sz/195_202600519_eis/libsrc_mtx/build/CMakeFiles/CMakeTmp'
Building C object CMakeFiles/cmTC_2ed72.dir/CMakeCCompilerABI.c.o
/opt/atk-dlrk3588-toolchain/bin/aarch64-buildroot-linux-gnu-gcc --sysroot=/opt/atk-dlrk3588-toolchain/aarch64-buildroot-linux-gnu/sysroot   -D_LARGEFILE_SOURCE -D_LARGEFILE64_SOURCE -D_FILE_OFFSET_BITS=64 -Os -g0 -D_FORTIFY_SOURCE=1   -DNDEBUG   -v -o CMakeFiles/cmTC_2ed72.dir/CMakeCCompilerABI.c.o -c /usr/share/cmake-3.22/Modules/CMakeCCompilerABI.c
Using built-in specs.
COLLECT_GCC=/opt/atk-dlrk3588-toolchain/bin/aarch64-buildroot-linux-gnu-gcc.br_real
Target: aarch64-buildroot-linux-gnu
Configured with: ./configure --prefix=/home/alientek/ATK-DLRK3588/buildroot/output/rockchip_atk_dlrk3588/host --sysconfdir=/home/alientek/ATK-DLRK3588/buildroot/output/rockchip_atk_dlrk3588/host/etc --enable-static --target=aarch64-buildroot-linux-gnu --with-sysroot=/home/alientek/ATK-DLRK3588/buildroot/output/rockchip_atk_dlrk3588/host/aarch64-buildroot-linux-gnu/sysroot --enable-__cxa_atexit --with-gnu-ld --disable-libssp --disable-multilib --disable-decimal-float --enable-plugins --enable-lto --with-gmp=/home/alientek/ATK-DLRK3588/buildroot/output/rockchip_atk_dlrk3588/host --with-mpc=/home/alientek/ATK-DLRK3588/buildroot/output/rockchip_atk_dlrk3588/host --with-mpfr=/home/alientek/ATK-DLRK3588/buildroot/output/rockchip_atk_dlrk3588/host --with-pkgversion='Buildroot linux-5.10-gen-rkr5.1-164-g935bc360ac-dirty' --with-bugurl=http://bugs.buildroot.net/ --without-zstd --disable-libquadmath --disable-libquadmath-support --enable-tls --enable-threads --without-isl --without-cloog --with-abi=lp64 --with-cpu=cortex-a76.cortex-a55 --enable-languages=c,c++ --with-build-time-tools=/home/alientek/ATK-DLRK3588/buildroot/output/rockchip_atk_dlrk3588/host/aarch64-buildroot-linux-gnu/bin --enable-shared --disable-libgomp
Thread model: posix
Supported LTO compression algorithms: zlib
gcc version 10.4.0 (Buildroot linux-5.10-gen-rkr5.1-164-g935bc360ac-dirty) 
COLLECT_GCC_OPTIONS='-fstack-protector-strong' '-fPIE' '-pie' '-D' '_LARGEFILE_SOURCE' '-D' '_LARGEFILE64_SOURCE' '-D' '_FILE_OFFSET_BITS=64' '-Os' '-g0' '-D' '_FORTIFY_SOURCE=1' '-D' 'NDEBUG' '-v' '-o' 'CMakeFiles/cmTC_2ed72.dir/CMakeCCompilerABI.c.o' '-c' '-mcpu=cortex-a76.cortex-a55' '-mlittle-endian' '-mabi=lp64'
 /opt/atk-dlrk3588-toolchain/bin/../libexec/gcc/aarch64-buildroot-linux-gnu/10.4.0/cc1 -quiet -v -iprefix /opt/atk-dlrk3588-toolchain/bin/../lib/gcc/aarch64-buildroot-linux-gnu/10.4.0/ -isysroot /opt/atk-dlrk3588-toolchain/aarch64-buildroot-linux-gnu/sysroot -D _LARGEFILE_SOURCE -D _LARGEFILE64_SOURCE -D _FILE_OFFSET_BITS=64 -D _FORTIFY_SOURCE=1 -D NDEBUG /usr/share/cmake-3.22/Modules/CMakeCCompilerABI.c -quiet -dumpbase CMakeCCompilerABI.c -mcpu=cortex-a76.cortex-a55 -mlittle-endian -mabi=lp64 -auxbase-strip CMakeFiles/cmTC_2ed72.dir/CMakeCCompilerABI.c.o -g0 -Os -version -fstack-protector-strong -fPIE -o /tmp/ccLbuLXp.s
GNU C17 (Buildroot linux-5.10-gen-rkr5.1-164-g935bc360ac-dirty) version 10.4.0 (aarch64-buildroot-linux-gnu)
	compiled by GNU C version 9.4.0, GMP version 6.2.1, MPFR version 4.1.0, MPC version 1.2.1, isl version none
GGC heuristics: --param ggc-min-expand=100 --param ggc-min-heapsize=131072
ignoring duplicate directory "/opt/atk-dlrk3588-toolchain/bin/../lib/gcc/../../lib/gcc/aarch64-buildroot-linux-gnu/10.4.0/include"
ignoring nonexistent directory "/opt/atk-dlrk3588-toolchain/aarch64-buildroot-linux-gnu/sysroot/usr/local/include"
ignoring duplicate directory "/opt/atk-dlrk3588-toolchain/bin/../lib/gcc/../../lib/gcc/aarch64-buildroot-linux-gnu/10.4.0/include-fixed"
ignoring duplicate directory "/opt/atk-dlrk3588-toolchain/bin/../lib/gcc/../../lib/gcc/aarch64-buildroot-linux-gnu/10.4.0/../../../../aarch64-buildroot-linux-gnu/include"
#include "..." search starts here:
#include <...> search starts here:
 /opt/atk-dlrk3588-toolchain/bin/../lib/gcc/aarch64-buildroot-linux-gnu/10.4.0/include
 /opt/atk-dlrk3588-toolchain/bin/../lib/gcc/aarch64-buildroot-linux-gnu/10.4.0/include-fixed
 /opt/atk-dlrk3588-toolchain/bin/../lib/gcc/aarch64-buildroot-linux-gnu/10.4.0/../../../../aarch64-buildroot-linux-gnu/include
 /opt/atk-dlrk3588-toolchain/aarch64-buildroot-linux-gnu/sysroot/usr/include
End of search list.
GNU C17 (Buildroot linux-5.10-gen-rkr5.1-164-g935bc360ac-dirty) version 10.4.0 (aarch64-buildroot-linux-gnu)
	compiled by GNU C version 9.4.0, GMP version 6.2.1, MPFR version 4.1.0, MPC version 1.2.1, isl version none
GGC heuristics: --param ggc-min-expand=100 --param ggc-min-heapsize=131072
Compiler executable checksum: 07e0264b400c20c0079c378023743eaf
COLLECT_GCC_OPTIONS='-fstack-protector-strong' '-fPIE' '-pie' '-D' '_LARGEFILE_SOURCE' '-D' '_LARGEFILE64_SOURCE' '-D' '_FILE_OFFSET_BITS=64' '-Os' '-g0' '-D' '_FORTIFY_SOURCE=1' '-D' 'NDEBUG' '-v' '-o' 'CMakeFiles/cmTC_2ed72.dir/CMakeCCompilerABI.c.o' '-c' '-mcpu=cortex-a76.cortex-a55' '-mlittle-endian' '-mabi=lp64'
 /opt/atk-dlrk3588-toolchain/bin/../lib/gcc/aarch64-buildroot-linux-gnu/10.4.0/../../../../aarch64-buildroot-linux-gnu/bin/as -v -EL -march=armv8.2-a+fp16+rcpc+dotprod -mabi=lp64 -o CMakeFiles/cmTC_2ed72.dir/CMakeCCompilerABI.c.o /tmp/ccLbuLXp.s
GNU assembler version 2.40 (aarch64-buildroot-linux-gnu) using BFD version (GNU Binutils) 2.40
COMPILER_PATH=/opt/atk-dlrk3588-toolchain/bin/../libexec/gcc/aarch64-buildroot-linux-gnu/10.4.0/:/opt/atk-dlrk3588-toolchain/bin/../libexec/gcc/:/opt/atk-dlrk3588-toolchain/bin/../lib/gcc/aarch64-buildroot-linux-gnu/10.4.0/../../../../aarch64-buildroot-linux-gnu/bin/
LIBRARY_PATH=/opt/atk-dlrk3588-toolchain/bin/../lib/gcc/aarch64-buildroot-linux-gnu/10.4.0/:/opt/atk-dlrk3588-toolchain/bin/../lib/gcc/:/opt/atk-dlrk3588-toolchain/bin/../lib/gcc/aarch64-buildroot-linux-gnu/10.4.0/../../../../aarch64-buildroot-linux-gnu/lib/../lib64/:/opt/atk-dlrk3588-toolchain/aarch64-buildroot-linux-gnu/sysroot/lib/../lib64/:/opt/atk-dlrk3588-toolchain/aarch64-buildroot-linux-gnu/sysroot/usr/lib/../lib64/:/opt/atk-dlrk3588-toolchain/bin/../lib/gcc/aarch64-buildroot-linux-gnu/10.4.0/../../../../aarch64-buildroot-linux-gnu/lib/:/opt/atk-dlrk3588-toolchain/aarch64-buildroot-linux-gnu/sysroot/lib/:/opt/atk-dlrk3588-toolchain/aarch64-buildroot-linux-gnu/sysroot/usr/lib/
COLLECT_GCC_OPTIONS='-fstack-protector-strong' '-fPIE' '-pie' '-D' '_LARGEFILE_SOURCE' '-D' '_LARGEFILE64_SOURCE' '-D' '_FILE_OFFSET_BITS=64' '-Os' '-g0' '-D' '_FORTIFY_SOURCE=1' '-D' 'NDEBUG' '-v' '-o' 'CMakeFiles/cmTC_2ed72.dir/CMakeCCompilerABI.c.o' '-c' '-mcpu=cortex-a76.cortex-a55' '-mlittle-endian' '-mabi=lp64'
Linking C executable cmTC_2ed72
/usr/bin/cmake -E cmake_link_script CMakeFiles/cmTC_2ed72.dir/link.txt --verbose=1
/opt/atk-dlrk3588-toolchain/bin/aarch64-buildroot-linux-gnu-gcc --sysroot=/opt/atk-dlrk3588-toolchain/aarch64-buildroot-linux-gnu/sysroot -D_LARGEFILE_SOURCE -D_LARGEFILE64_SOURCE -D_FILE_OFFSET_BITS=64 -Os -g0 -D_FORTIFY_SOURCE=1   -DNDEBUG  -v CMakeFiles/cmTC_2ed72.dir/CMakeCCompilerABI.c.o -o cmTC_2ed72 
Using built-in specs.
COLLECT_GCC=/opt/atk-dlrk3588-toolchain/bin/aarch64-buildroot-linux-gnu-gcc.br_real
COLLECT_LTO_WRAPPER=/opt/atk-dlrk3588-toolchain/bin/../libexec/gcc/aarch64-buildroot-linux-gnu/10.4.0/lto-wrapper
Target: aarch64-buildroot-linux-gnu
Configured with: ./configure --prefix=/home/alientek/ATK-DLRK3588/buildroot/output/rockchip_atk_dlrk3588/host --sysconfdir=/home/alientek/ATK-DLRK3588/buildroot/output/rockchip_atk_dlrk3588/host/etc --enable-static --target=aarch64-buildroot-linux-gnu --with-sysroot=/home/alientek/ATK-DLRK3588/buildroot/output/rockchip_atk_dlrk3588/host/aarch64-buildroot-linux-gnu/sysroot --enable-__cxa_atexit --with-gnu-ld --disable-libssp --disable-multilib --disable-decimal-float --enable-plugins --enable-lto --with-gmp=/home/alientek/ATK-DLRK3588/buildroot/output/rockchip_atk_dlrk3588/host --with-mpc=/home/alientek/ATK-DLRK3588/buildroot/output/rockchip_atk_dlrk3588/host --with-mpfr=/home/alientek/ATK-DLRK3588/buildroot/output/rockchip_atk_dlrk3588/host --with-pkgversion='Buildroot linux-5.10-gen-rkr5.1-164-g935bc360ac-dirty' --with-bugurl=http://bugs.buildroot.net/ --without-zstd --disable-libquadmath --disable-libquadmath-support --enable-tls --enable-threads --without-isl --without-cloog --with-abi=lp64 --with-cpu=cortex-a76.cortex-a55 --enable-languages=c,c++ --with-build-time-tools=/home/alientek/ATK-DLRK3588/buildroot/output/rockchip_atk_dlrk3588/host/aarch64-buildroot-linux-gnu/bin --enable-shared --disable-libgomp
Thread model: posix
Supported LTO compression algorithms: zlib
gcc version 10.4.0 (Buildroot linux-5.10-gen-rkr5.1-164-g935bc360ac-dirty) 
COMPILER_PATH=/opt/atk-dlrk3588-toolchain/bin/../libexec/gcc/aarch64-buildroot-linux-gnu/10.4.0/:/opt/atk-dlrk3588-toolchain/bin/../libexec/gcc/:/opt/atk-dlrk3588-toolchain/bin/../lib/gcc/aarch64-buildroot-linux-gnu/10.4.0/../../../../aarch64-buildroot-linux-gnu/bin/
LIBRARY_PATH=/opt/atk-dlrk3588-toolchain/bin/../lib/gcc/aarch64-buildroot-linux-gnu/10.4.0/:/opt/atk-dlrk3588-toolchain/bin/../lib/gcc/:/opt/atk-dlrk3588-toolchain/bin/../lib/gcc/aarch64-buildroot-linux-gnu/10.4.0/../../../../aarch64-buildroot-linux-gnu/lib/../lib64/:/opt/atk-dlrk3588-toolchain/aarch64-buildroot-linux-gnu/sysroot/lib/../lib64/:/opt/atk-dlrk3588-toolchain/aarch64-buildroot-linux-gnu/sysroot/usr/lib/../lib64/:/opt/atk-dlrk3588-toolchain/bin/../lib/gcc/aarch64-buildroot-linux-gnu/10.4.0/../../../../aarch64-buildroot-linux-gnu/lib/:/opt/atk-dlrk3588-toolchain/aarch64-buildroot-linux-gnu/sysroot/lib/:/opt/atk-dlrk3588-toolchain/aarch64-buildroot-linux-gnu/sysroot/usr/lib/
COLLECT_GCC_OPTIONS='-fstack-protector-strong' '-fPIE' '-pie' '-D' '_LARGEFILE_SOURCE' '-D' '_LARGEFILE64_SOURCE' '-D' '_FILE_OFFSET_BITS=64' '-Os' '-g0' '-D' '_FORTIFY_SOURCE=1' '-D' 'NDEBUG' '-v' '-o' 'cmTC_2ed72' '-mcpu=cortex-a76.cortex-a55' '-mlittle-endian' '-mabi=lp64'
 /opt/atk-dlrk3588-toolchain/bin/../libexec/gcc/aarch64-buildroot-linux-gnu/10.4.0/collect2 -plugin /opt/atk-dlrk3588-toolchain/bin/../libexec/gcc/aarch64-buildroot-linux-gnu/10.4.0/liblto_plugin.so -plugin-opt=/opt/atk-dlrk3588-toolchain/bin/../libexec/gcc/aarch64-buildroot-linux-gnu/10.4.0/lto-wrapper -plugin-opt=-fresolution=/tmp/ccMdxKoZ.res -plugin-opt=-pass-through=-lgcc -plugin-opt=-pass-through=-lgcc_s -plugin-opt=-pass-through=-lc -plugin-opt=-pass-through=-lgcc -plugin-opt=-pass-through=-lgcc_s --sysroot=/opt/atk-dlrk3588-toolchain/aarch64-buildroot-linux-gnu/sysroot --eh-frame-hdr -dynamic-linker /lib/ld-linux-aarch64.so.1 -X -EL -maarch64linux -pie -o cmTC_2ed72 /opt/atk-dlrk3588-toolchain/aarch64-buildroot-linux-gnu/sysroot/lib/../lib64/Scrt1.o /opt/atk-dlrk3588-toolchain/aarch64-buildroot-linux-gnu/sysroot/lib/../lib64/crti.o /opt/atk-dlrk3588-toolchain/bin/../lib/gcc/aarch64-buildroot-linux-gnu/10.4.0/crtbeginS.o -L/opt/atk-dlrk3588-toolchain/bin/../lib/gcc/aarch64-buildroot-linux-gnu/10.4.0 -L/opt/atk-dlrk3588-toolchain/bin/../lib/gcc -L/opt/atk-dlrk3588-toolchain/bin/../lib/gcc/aarch64-buildroot-linux-gnu/10.4.0/../../../../aarch64-buildroot-linux-gnu/lib/../lib64 -L/opt/atk-dlrk3588-toolchain/aarch64-buildroot-linux-gnu/sysroot/lib/../lib64 -L/opt/atk-dlrk3588-toolchain/aarch64-buildroot-linux-gnu/sysroot/usr/lib/../lib64 -L/opt/atk-dlrk3588-toolchain/bin/../lib/gcc/aarch64-buildroot-linux-gnu/10.4.0/../../../../aarch64-buildroot-linux-gnu/lib -L/opt/atk-dlrk3588-toolchain/aarch64-buildroot-linux-gnu/sysroot/lib -L/opt/atk-dlrk3588-toolchain/aarch64-buildroot-linux-gnu/sysroot/usr/lib -z max-page-size=4096 -z common-page-size=4096 -z now -z relro CMakeFiles/cmTC_2ed72.dir/CMakeCCompilerABI.c.o -lgcc --push-state --as-needed -lgcc_s --pop-state -lc -lgcc --push-state --as-needed -lgcc_s --pop-state /opt/atk-dlrk3588-toolchain/bin/../lib/gcc/aarch64-buildroot-linux-gnu/10.4.0/crtendS.o /opt/atk-dlrk3588-toolchain/aarch64-buildroot-linux-gnu/sysroot/lib/../lib64/crtn.o
COLLECT_GCC_OPTIONS='-fstack-protector-strong' '-fPIE' '-pie' '-D' '_LARGEFILE_SOURCE' '-D' '_LARGEFILE64_SOURCE' '-D' '_FILE_OFFSET_BITS=64' '-Os' '-g0' '-D' '_FORTIFY_SOURCE=1' '-D' 'NDEBUG' '-v' '-o' 'cmTC_2ed72' '-mcpu=cortex-a76.cortex-a55' '-mlittle-endian' '-mabi=lp64'
gmake[1]: Leaving directory '/home/shizhan/5808/sz/195_202600519_eis/libsrc_mtx/build/CMakeFiles/CMakeTmp'



Parsed C implicit include dir info from above output: rv=done
  found start of include info
  found start of implicit include info
    add: [/opt/atk-dlrk3588-toolchain/bin/../lib/gcc/aarch64-buildroot-linux-gnu/10.4.0/include]
    add: [/opt/atk-dlrk3588-toolchain/bin/../lib/gcc/aarch64-buildroot-linux-gnu/10.4.0/include-fixed]
    add: [/opt/atk-dlrk3588-toolchain/bin/../lib/gcc/aarch64-buildroot-linux-gnu/10.4.0/../../../../aarch64-buildroot-linux-gnu/include]
    add: [/opt/atk-dlrk3588-toolchain/aarch64-buildroot-linux-gnu/sysroot/usr/include]
  end of search list found
  collapse include dir [/opt/atk-dlrk3588-toolchain/bin/../lib/gcc/aarch64-buildroot-linux-gnu/10.4.0/include] ==> [/opt/atk-dlrk3588-toolchain/lib/gcc/aarch64-buildroot-linux-gnu/10.4.0/include]
  collapse include dir [/opt/atk-dlrk3588-toolchain/bin/../lib/gcc/aarch64-buildroot-linux-gnu/10.4.0/include-fixed] ==> [/opt/atk-dlrk3588-toolchain/lib/gcc/aarch64-buildroot-linux-gnu/10.4.0/include-fixed]
  collapse include dir [/opt/atk-dlrk3588-toolchain/bin/../lib/gcc/aarch64-buildroot-linux-gnu/10.4.0/../../../../aarch64-buildroot-linux-gnu/include] ==> [/opt/atk-dlrk3588-toolchain/aarch64-buildroot-linux-gnu/include]
  collapse include dir [/opt/atk-dlrk3588-toolchain/aarch64-buildroot-linux-gnu/sysroot/usr/include] ==> [/opt/atk-dlrk3588-toolchain/aarch64-buildroot-linux-gnu/sysroot/usr/include]
  implicit include dirs: [/opt/atk-dlrk3588-toolchain/lib/gcc/aarch64-buildroot-linux-gnu/10.4.0/include;/opt/atk-dlrk3588-toolchain/lib/gcc/aarch64-buildroot-linux-gnu/10.4.0/include-fixed;/opt/atk-dlrk3588-toolchain/aarch64-buildroot-linux-gnu/include;/opt/atk-dlrk3588-toolchain/aarch64-buildroot-linux-gnu/sysroot/usr/include]


Parsed C implicit link information from above output:
  link line regex: [^( *|.*[/\])(aarch64-buildroot-linux-gnu-ld|CMAKE_LINK_STARTFILE-NOTFOUND|([^/\]+-)?ld|collect2)[^/\]*( |$)]
  ignore line: [Change Dir: /home/shizhan/5808/sz/195_202600519_eis/libsrc_mtx/build/CMakeFiles/CMakeTmp]
  ignore line: []
  ignore line: [Run Build Command(s):/usr/bin/gmake -f Makefile cmTC_2ed72/fast && /usr/bin/gmake  -f CMakeFiles/cmTC_2ed72.dir/build.make CMakeFiles/cmTC_2ed72.dir/build]
  ignore line: [gmake[1]: Entering directory '/home/shizhan/5808/sz/195_202600519_eis/libsrc_mtx/build/CMakeFiles/CMakeTmp']
  ignore line: [Building C object CMakeFiles/cmTC_2ed72.dir/CMakeCCompilerABI.c.o]
  ignore line: [/opt/atk-dlrk3588-toolchain/bin/aarch64-buildroot-linux-gnu-gcc --sysroot=/opt/atk-dlrk3588-toolchain/aarch64-buildroot-linux-gnu/sysroot   -D_LARGEFILE_SOURCE -D_LARGEFILE64_SOURCE -D_FILE_OFFSET_BITS=64 -Os -g0 -D_FORTIFY_SOURCE=1   -DNDEBUG   -v -o CMakeFiles/cmTC_2ed72.dir/CMakeCCompilerABI.c.o -c /usr/share/cmake-3.22/Modules/CMakeCCompilerABI.c]
  ignore line: [Using built-in specs.]
  ignore line: [COLLECT_GCC=/opt/atk-dlrk3588-toolchain/bin/aarch64-buildroot-linux-gnu-gcc.br_real]
  ignore line: [Target: aarch64-buildroot-linux-gnu]
  ignore line: [Configured with: ./configure --prefix=/home/alientek/ATK-DLRK3588/buildroot/output/rockchip_atk_dlrk3588/host --sysconfdir=/home/alientek/ATK-DLRK3588/buildroot/output/rockchip_atk_dlrk3588/host/etc --enable-static --target=aarch64-buildroot-linux-gnu --with-sysroot=/home/alientek/ATK-DLRK3588/buildroot/output/rockchip_atk_dlrk3588/host/aarch64-buildroot-linux-gnu/sysroot --enable-__cxa_atexit --with-gnu-ld --disable-libssp --disable-multilib --disable-decimal-float --enable-plugins --enable-lto --with-gmp=/home/alientek/ATK-DLRK3588/buildroot/output/rockchip_atk_dlrk3588/host --with-mpc=/home/alientek/ATK-DLRK3588/buildroot/output/rockchip_atk_dlrk3588/host --with-mpfr=/home/alientek/ATK-DLRK3588/buildroot/output/rockchip_atk_dlrk3588/host --with-pkgversion='Buildroot linux-5.10-gen-rkr5.1-164-g935bc360ac-dirty' --with-bugurl=http://bugs.buildroot.net/ --without-zstd --disable-libquadmath --disable-libquadmath-support --enable-tls --enable-threads --without-isl --without-cloog --with-abi=lp64 --with-cpu=cortex-a76.cortex-a55 --enable-languages=c,c++ --with-build-time-tools=/home/alientek/ATK-DLRK3588/buildroot/output/rockchip_atk_dlrk3588/host/aarch64-buildroot-linux-gnu/bin --enable-shared --disable-libgomp]
  ignore line: [Thread model: posix]
  ignore line: [Supported LTO compression algorithms: zlib]
  ignore line: [gcc version 10.4.0 (Buildroot linux-5.10-gen-rkr5.1-164-g935bc360ac-dirty) ]
  ignore line: [COLLECT_GCC_OPTIONS='-fstack-protector-strong' '-fPIE' '-pie' '-D' '_LARGEFILE_SOURCE' '-D' '_LARGEFILE64_SOURCE' '-D' '_FILE_OFFSET_BITS=64' '-Os' '-g0' '-D' '_FORTIFY_SOURCE=1' '-D' 'NDEBUG' '-v' '-o' 'CMakeFiles/cmTC_2ed72.dir/CMakeCCompilerABI.c.o' '-c' '-mcpu=cortex-a76.cortex-a55' '-mlittle-endian' '-mabi=lp64']
  ignore line: [ /opt/atk-dlrk3588-toolchain/bin/../libexec/gcc/aarch64-buildroot-linux-gnu/10.4.0/cc1 -quiet -v -iprefix /opt/atk-dlrk3588-toolchain/bin/../lib/gcc/aarch64-buildroot-linux-gnu/10.4.0/ -isysroot /opt/atk-dlrk3588-toolchain/aarch64-buildroot-linux-gnu/sysroot -D _LARGEFILE_SOURCE -D _LARGEFILE64_SOURCE -D _FILE_OFFSET_BITS=64 -D _FORTIFY_SOURCE=1 -D NDEBUG /usr/share/cmake-3.22/Modules/CMakeCCompilerABI.c -quiet -dumpbase CMakeCCompilerABI.c -mcpu=cortex-a76.cortex-a55 -mlittle-endian -mabi=lp64 -auxbase-strip CMakeFiles/cmTC_2ed72.dir/CMakeCCompilerABI.c.o -g0 -Os -version -fstack-protector-strong -fPIE -o /tmp/ccLbuLXp.s]
  ignore line: [GNU C17 (Buildroot linux-5.10-gen-rkr5.1-164-g935bc360ac-dirty) version 10.4.0 (aarch64-buildroot-linux-gnu)]
  ignore line: [	compiled by GNU C version 9.4.0  GMP version 6.2.1  MPFR version 4.1.0  MPC version 1.2.1  isl version none]
  ignore line: [GGC heuristics: --param ggc-min-expand=100 --param ggc-min-heapsize=131072]
  ignore line: [ignoring duplicate directory "/opt/atk-dlrk3588-toolchain/bin/../lib/gcc/../../lib/gcc/aarch64-buildroot-linux-gnu/10.4.0/include"]
  ignore line: [ignoring nonexistent directory "/opt/atk-dlrk3588-toolchain/aarch64-buildroot-linux-gnu/sysroot/usr/local/include"]
  ignore line: [ignoring duplicate directory "/opt/atk-dlrk3588-toolchain/bin/../lib/gcc/../../lib/gcc/aarch64-buildroot-linux-gnu/10.4.0/include-fixed"]
  ignore line: [ignoring duplicate directory "/opt/atk-dlrk3588-toolchain/bin/../lib/gcc/../../lib/gcc/aarch64-buildroot-linux-gnu/10.4.0/../../../../aarch64-buildroot-linux-gnu/include"]
  ignore line: [#include "..." search starts here:]
  ignore line: [#include <...> search starts here:]
  ignore line: [ /opt/atk-dlrk3588-toolchain/bin/../lib/gcc/aarch64-buildroot-linux-gnu/10.4.0/include]
  ignore line: [ /opt/atk-dlrk3588-toolchain/bin/../lib/gcc/aarch64-buildroot-linux-gnu/10.4.0/include-fixed]
  ignore line: [ /opt/atk-dlrk3588-toolchain/bin/../lib/gcc/aarch64-buildroot-linux-gnu/10.4.0/../../../../aarch64-buildroot-linux-gnu/include]
  ignore line: [ /opt/atk-dlrk3588-toolchain/aarch64-buildroot-linux-gnu/sysroot/usr/include]
  ignore line: [End of search list.]
  ignore line: [GNU C17 (Buildroot linux-5.10-gen-rkr5.1-164-g935bc360ac-dirty) version 10.4.0 (aarch64-buildroot-linux-gnu)]
  ignore line: [	compiled by GNU C version 9.4.0  GMP version 6.2.1  MPFR version 4.1.0  MPC version 1.2.1  isl version none]
  ignore line: [GGC heuristics: --param ggc-min-expand=100 --param ggc-min-heapsize=131072]
  ignore line: [Compiler executable checksum: 07e0264b400c20c0079c378023743eaf]
  ignore line: [COLLECT_GCC_OPTIONS='-fstack-protector-strong' '-fPIE' '-pie' '-D' '_LARGEFILE_SOURCE' '-D' '_LARGEFILE64_SOURCE' '-D' '_FILE_OFFSET_BITS=64' '-Os' '-g0' '-D' '_FORTIFY_SOURCE=1' '-D' 'NDEBUG' '-v' '-o' 'CMakeFiles/cmTC_2ed72.dir/CMakeCCompilerABI.c.o' '-c' '-mcpu=cortex-a76.cortex-a55' '-mlittle-endian' '-mabi=lp64']
  ignore line: [ /opt/atk-dlrk3588-toolchain/bin/../lib/gcc/aarch64-buildroot-linux-gnu/10.4.0/../../../../aarch64-buildroot-linux-gnu/bin/as -v -EL -march=armv8.2-a+fp16+rcpc+dotprod -mabi=lp64 -o CMakeFiles/cmTC_2ed72.dir/CMakeCCompilerABI.c.o /tmp/ccLbuLXp.s]
  ignore line: [GNU assembler version 2.40 (aarch64-buildroot-linux-gnu) using BFD version (GNU Binutils) 2.40]
  ignore line: [COMPILER_PATH=/opt/atk-dlrk3588-toolchain/bin/../libexec/gcc/aarch64-buildroot-linux-gnu/10.4.0/:/opt/atk-dlrk3588-toolchain/bin/../libexec/gcc/:/opt/atk-dlrk3588-toolchain/bin/../lib/gcc/aarch64-buildroot-linux-gnu/10.4.0/../../../../aarch64-buildroot-linux-gnu/bin/]
  ignore line: [LIBRARY_PATH=/opt/atk-dlrk3588-toolchain/bin/../lib/gcc/aarch64-buildroot-linux-gnu/10.4.0/:/opt/atk-dlrk3588-toolchain/bin/../lib/gcc/:/opt/atk-dlrk3588-toolchain/bin/../lib/gcc/aarch64-buildroot-linux-gnu/10.4.0/../../../../aarch64-buildroot-linux-gnu/lib/../lib64/:/opt/atk-dlrk3588-toolchain/aarch64-buildroot-linux-gnu/sysroot/lib/../lib64/:/opt/atk-dlrk3588-toolchain/aarch64-buildroot-linux-gnu/sysroot/usr/lib/../lib64/:/opt/atk-dlrk3588-toolchain/bin/../lib/gcc/aarch64-buildroot-linux-gnu/10.4.0/../../../../aarch64-buildroot-linux-gnu/lib/:/opt/atk-dlrk3588-toolchain/aarch64-buildroot-linux-gnu/sysroot/lib/:/opt/atk-dlrk3588-toolchain/aarch64-buildroot-linux-gnu/sysroot/usr/lib/]
  ignore line: [COLLECT_GCC_OPTIONS='-fstack-protector-strong' '-fPIE' '-pie' '-D' '_LARGEFILE_SOURCE' '-D' '_LARGEFILE64_SOURCE' '-D' '_FILE_OFFSET_BITS=64' '-Os' '-g0' '-D' '_FORTIFY_SOURCE=1' '-D' 'NDEBUG' '-v' '-o' 'CMakeFiles/cmTC_2ed72.dir/CMakeCCompilerABI.c.o' '-c' '-mcpu=cortex-a76.cortex-a55' '-mlittle-endian' '-mabi=lp64']
  ignore line: [Linking C executable cmTC_2ed72]
  ignore line: [/usr/bin/cmake -E cmake_link_script CMakeFiles/cmTC_2ed72.dir/link.txt --verbose=1]
  ignore line: [/opt/atk-dlrk3588-toolchain/bin/aarch64-buildroot-linux-gnu-gcc --sysroot=/opt/atk-dlrk3588-toolchain/aarch64-buildroot-linux-gnu/sysroot -D_LARGEFILE_SOURCE -D_LARGEFILE64_SOURCE -D_FILE_OFFSET_BITS=64 -Os -g0 -D_FORTIFY_SOURCE=1   -DNDEBUG  -v CMakeFiles/cmTC_2ed72.dir/CMakeCCompilerABI.c.o -o cmTC_2ed72 ]
  ignore line: [Using built-in specs.]
  ignore line: [COLLECT_GCC=/opt/atk-dlrk3588-toolchain/bin/aarch64-buildroot-linux-gnu-gcc.br_real]
  ignore line: [COLLECT_LTO_WRAPPER=/opt/atk-dlrk3588-toolchain/bin/../libexec/gcc/aarch64-buildroot-linux-gnu/10.4.0/lto-wrapper]
  ignore line: [Target: aarch64-buildroot-linux-gnu]
  ignore line: [Configured with: ./configure --prefix=/home/alientek/ATK-DLRK3588/buildroot/output/rockchip_atk_dlrk3588/host --sysconfdir=/home/alientek/ATK-DLRK3588/buildroot/output/rockchip_atk_dlrk3588/host/etc --enable-static --target=aarch64-buildroot-linux-gnu --with-sysroot=/home/alientek/ATK-DLRK3588/buildroot/output/rockchip_atk_dlrk3588/host/aarch64-buildroot-linux-gnu/sysroot --enable-__cxa_atexit --with-gnu-ld --disable-libssp --disable-multilib --disable-decimal-float --enable-plugins --enable-lto --with-gmp=/home/alientek/ATK-DLRK3588/buildroot/output/rockchip_atk_dlrk3588/host --with-mpc=/home/alientek/ATK-DLRK3588/buildroot/output/rockchip_atk_dlrk3588/host --with-mpfr=/home/alientek/ATK-DLRK3588/buildroot/output/rockchip_atk_dlrk3588/host --with-pkgversion='Buildroot linux-5.10-gen-rkr5.1-164-g935bc360ac-dirty' --with-bugurl=http://bugs.buildroot.net/ --without-zstd --disable-libquadmath --disable-libquadmath-support --enable-tls --enable-threads --without-isl --without-cloog --with-abi=lp64 --with-cpu=cortex-a76.cortex-a55 --enable-languages=c,c++ --with-build-time-tools=/home/alientek/ATK-DLRK3588/buildroot/output/rockchip_atk_dlrk3588/host/aarch64-buildroot-linux-gnu/bin --enable-shared --disable-libgomp]
  ignore line: [Thread model: posix]
  ignore line: [Supported LTO compression algorithms: zlib]
  ignore line: [gcc version 10.4.0 (Buildroot linux-5.10-gen-rkr5.1-164-g935bc360ac-dirty) ]
  ignore line: [COMPILER_PATH=/opt/atk-dlrk3588-toolchain/bin/../libexec/gcc/aarch64-buildroot-linux-gnu/10.4.0/:/opt/atk-dlrk3588-toolchain/bin/../libexec/gcc/:/opt/atk-dlrk3588-toolchain/bin/../lib/gcc/aarch64-buildroot-linux-gnu/10.4.0/../../../../aarch64-buildroot-linux-gnu/bin/]
  ignore line: [LIBRARY_PATH=/opt/atk-dlrk3588-toolchain/bin/../lib/gcc/aarch64-buildroot-linux-gnu/10.4.0/:/opt/atk-dlrk3588-toolchain/bin/../lib/gcc/:/opt/atk-dlrk3588-toolchain/bin/../lib/gcc/aarch64-buildroot-linux-gnu/10.4.0/../../../../aarch64-buildroot-linux-gnu/lib/../lib64/:/opt/atk-dlrk3588-toolchain/aarch64-buildroot-linux-gnu/sysroot/lib/../lib64/:/opt/atk-dlrk3588-toolchain/aarch64-buildroot-linux-gnu/sysroot/usr/lib/../lib64/:/opt/atk-dlrk3588-toolchain/bin/../lib/gcc/aarch64-buildroot-linux-gnu/10.4.0/../../../../aarch64-buildroot-linux-gnu/lib/:/opt/atk-dlrk3588-toolchain/aarch64-buildroot-linux-gnu/sysroot/lib/:/opt/atk-dlrk3588-toolchain/aarch64-buildroot-linux-gnu/sysroot/usr/lib/]
  ignore line: [COLLECT_GCC_OPTIONS='-fstack-protector-strong' '-fPIE' '-pie' '-D' '_LARGEFILE_SOURCE' '-D' '_LARGEFILE64_SOURCE' '-D' '_FILE_OFFSET_BITS=64' '-Os' '-g0' '-D' '_FORTIFY_SOURCE=1' '-D' 'NDEBUG' '-v' '-o' 'cmTC_2ed72' '-mcpu=cortex-a76.cortex-a55' '-mlittle-endian' '-mabi=lp64']
  link line: [ /opt/atk-dlrk3588-toolchain/bin/../libexec/gcc/aarch64-buildroot-linux-gnu/10.4.0/collect2 -plugin /opt/atk-dlrk3588-toolchain/bin/../libexec/gcc/aarch64-buildroot-linux-gnu/10.4.0/liblto_plugin.so -plugin-opt=/opt/atk-dlrk3588-toolchain/bin/../libexec/gcc/aarch64-buildroot-linux-gnu/10.4.0/lto-wrapper -plugin-opt=-fresolution=/tmp/ccMdxKoZ.res -plugin-opt=-pass-through=-lgcc -plugin-opt=-pass-through=-lgcc_s -plugin-opt=-pass-through=-lc -plugin-opt=-pass-through=-lgcc -plugin-opt=-pass-through=-lgcc_s --sysroot=/opt/atk-dlrk3588-toolchain/aarch64-buildroot-linux-gnu/sysroot --eh-frame-hdr -dynamic-linker /lib/ld-linux-aarch64.so.1 -X -EL -maarch64linux -pie -o cmTC_2ed72 /opt/atk-dlrk3588-toolchain/aarch64-buildroot-linux-gnu/sysroot/lib/../lib64/Scrt1.o /opt/atk-dlrk3588-toolchain/aarch64-buildroot-linux-gnu/sysroot/lib/../lib64/crti.o /opt/atk-dlrk3588-toolchain/bin/../lib/gcc/aarch64-buildroot-linux-gnu/10.4.0/crtbeginS.o -L/opt/atk-dlrk3588-toolchain/bin/../lib/gcc/aarch64-buildroot-linux-gnu/10.4.0 -L/opt/atk-dlrk3588-toolchain/bin/../lib/gcc -L/opt/atk-dlrk3588-toolchain/bin/../lib/gcc/aarch64-buildroot-linux-gnu/10.4.0/../../../../aarch64-buildroot-linux-gnu/lib/../lib64 -L/opt/atk-dlrk3588-toolchain/aarch64-buildroot-linux-gnu/sysroot/lib/../lib64 -L/opt/atk-dlrk3588-toolchain/aarch64-buildroot-linux-gnu/sysroot/usr/lib/../lib64 -L/opt/atk-dlrk3588-toolchain/bin/../lib/gcc/aarch64-buildroot-linux-gnu/10.4.0/../../../../aarch64-buildroot-linux-gnu/lib -L/opt/atk-dlrk3588-toolchain/aarch64-buildroot-linux-gnu/sysroot/lib -L/opt/atk-dlrk3588-toolchain/aarch64-buildroot-linux-gnu/sysroot/usr/lib -z max-page-size=4096 -z common-page-size=4096 -z now -z relro CMakeFiles/cmTC_2ed72.dir/CMakeCCompilerABI.c.o -lgcc --push-state --as-needed -lgcc_s --pop-state -lc -lgcc --push-state --as-needed -lgcc_s --pop-state /opt/atk-dlrk3588-toolchain/bin/../lib/gcc/aarch64-buildroot-linux-gnu/10.4.0/crtendS.o /opt/atk-dlrk3588-toolchain/aarch64-buildroot-linux-gnu/sysroot/lib/../lib64/crtn.o]
    arg [/opt/atk-dlrk3588-toolchain/bin/../libexec/gcc/aarch64-buildroot-linux-gnu/10.4.0/collect2] ==> ignore
    arg [-plugin] ==> ignore
    arg [/opt/atk-dlrk3588-toolchain/bin/../libexec/gcc/aarch64-buildroot-linux-gnu/10.4.0/liblto_plugin.so] ==> ignore
    arg [-plugin-opt=/opt/atk-dlrk3588-toolchain/bin/../libexec/gcc/aarch64-buildroot-linux-gnu/10.4.0/lto-wrapper] ==> ignore
    arg [-plugin-opt=-fresolution=/tmp/ccMdxKoZ.res] ==> ignore
    arg [-plugin-opt=-pass-through=-lgcc] ==> ignore
    arg [-plugin-opt=-pass-through=-lgcc_s] ==> ignore
    arg [-plugin-opt=-pass-through=-lc] ==> ignore
    arg [-plugin-opt=-pass-through=-lgcc] ==> ignore
    arg [-plugin-opt=-pass-through=-lgcc_s] ==> ignore
    arg [--sysroot=/opt/atk-dlrk3588-toolchain/aarch64-buildroot-linux-gnu/sysroot] ==> ignore
    arg [--eh-frame-hdr] ==> ignore
    arg [-dynamic-linker] ==> ignore
    arg [/lib/ld-linux-aarch64.so.1] ==> ignore
    arg [-X] ==> ignore
    arg [-EL] ==> ignore
    arg [-maarch64linux] ==> ignore
    arg [-pie] ==> ignore
    arg [-o] ==> ignore
    arg [cmTC_2ed72] ==> ignore
    arg [/opt/atk-dlrk3588-toolchain/aarch64-buildroot-linux-gnu/sysroot/lib/../lib64/Scrt1.o] ==> obj [/opt/atk-dlrk3588-toolchain/aarch64-buildroot-linux-gnu/sysroot/lib/../lib64/Scrt1.o]
    arg [/opt/atk-dlrk3588-toolchain/aarch64-buildroot-linux-gnu/sysroot/lib/../lib64/crti.o] ==> obj [/opt/atk-dlrk3588-toolchain/aarch64-buildroot-linux-gnu/sysroot/lib/../lib64/crti.o]
    arg [/opt/atk-dlrk3588-toolchain/bin/../lib/gcc/aarch64-buildroot-linux-gnu/10.4.0/crtbeginS.o] ==> obj [/opt/atk-dlrk3588-toolchain/bin/../lib/gcc/aarch64-buildroot-linux-gnu/10.4.0/crtbeginS.o]
    arg [-L/opt/atk-dlrk3588-toolchain/bin/../lib/gcc/aarch64-buildroot-linux-gnu/10.4.0] ==> dir [/opt/atk-dlrk3588-toolchain/bin/../lib/gcc/aarch64-buildroot-linux-gnu/10.4.0]
    arg [-L/opt/atk-dlrk3588-toolchain/bin/../lib/gcc] ==> dir [/opt/atk-dlrk3588-toolchain/bin/../lib/gcc]
    arg [-L/opt/atk-dlrk3588-toolchain/bin/../lib/gcc/aarch64-buildroot-linux-gnu/10.4.0/../../../../aarch64-buildroot-linux-gnu/lib/../lib64] ==> dir [/opt/atk-dlrk3588-toolchain/bin/../lib/gcc/aarch64-buildroot-linux-gnu/10.4.0/../../../../aarch64-buildroot-linux-gnu/lib/../lib64]
    arg [-L/opt/atk-dlrk3588-toolchain/aarch64-buildroot-linux-gnu/sysroot/lib/../lib64] ==> dir [/opt/atk-dlrk3588-toolchain/aarch64-buildroot-linux-gnu/sysroot/lib/../lib64]
    arg [-L/opt/atk-dlrk3588-toolchain/aarch64-buildroot-linux-gnu/sysroot/usr/lib/../lib64] ==> dir [/opt/atk-dlrk3588-toolchain/aarch64-buildroot-linux-gnu/sysroot/usr/lib/../lib64]
    arg [-L/opt/atk-dlrk3588-toolchain/bin/../lib/gcc/aarch64-buildroot-linux-gnu/10.4.0/../../../../aarch64-buildroot-linux-gnu/lib] ==> dir [/opt/atk-dlrk3588-toolchain/bin/../lib/gcc/aarch64-buildroot-linux-gnu/10.4.0/../../../../aarch64-buildroot-linux-gnu/lib]
    arg [-L/opt/atk-dlrk3588-toolchain/aarch64-buildroot-linux-gnu/sysroot/lib] ==> dir [/opt/atk-dlrk3588-toolchain/aarch64-buildroot-linux-gnu/sysroot/lib]
    arg [-L/opt/atk-dlrk3588-toolchain/aarch64-buildroot-linux-gnu/sysroot/usr/lib] ==> dir [/opt/atk-dlrk3588-toolchain/aarch64-buildroot-linux-gnu/sysroot/usr/lib]
    arg [-zmax-page-size=4096] ==> ignore
    arg [-zcommon-page-size=4096] ==> ignore
    arg [-znow] ==> ignore
    arg [-zrelro] ==> ignore
    arg [CMakeFiles/cmTC_2ed72.dir/CMakeCCompilerABI.c.o] ==> ignore
    arg [-lgcc] ==> lib [gcc]
    arg [--push-state] ==> ignore
    arg [--as-needed] ==> ignore
    arg [-lgcc_s] ==> lib [gcc_s]
    arg [--pop-state] ==> ignore
    arg [-lc] ==> lib [c]
    arg [-lgcc] ==> lib [gcc]
    arg [--push-state] ==> ignore
    arg [--as-needed] ==> ignore
    arg [-lgcc_s] ==> lib [gcc_s]
    arg [--pop-state] ==> ignore
    arg [/opt/atk-dlrk3588-toolchain/bin/../lib/gcc/aarch64-buildroot-linux-gnu/10.4.0/crtendS.o] ==> obj [/opt/atk-dlrk3588-toolchain/bin/../lib/gcc/aarch64-buildroot-linux-gnu/10.4.0/crtendS.o]
    arg [/opt/atk-dlrk3588-toolchain/aarch64-buildroot-linux-gnu/sysroot/lib/../lib64/crtn.o] ==> obj [/opt/atk-dlrk3588-toolchain/aarch64-buildroot-linux-gnu/sysroot/lib/../lib64/crtn.o]
  collapse obj [/opt/atk-dlrk3588-toolchain/aarch64-buildroot-linux-gnu/sysroot/lib/../lib64/Scrt1.o] ==> [/opt/atk-dlrk3588-toolchain/aarch64-buildroot-linux-gnu/sysroot/lib64/Scrt1.o]
  collapse obj [/opt/atk-dlrk3588-toolchain/aarch64-buildroot-linux-gnu/sysroot/lib/../lib64/crti.o] ==> [/opt/atk-dlrk3588-toolchain/aarch64-buildroot-linux-gnu/sysroot/lib64/crti.o]
  collapse obj [/opt/atk-dlrk3588-toolchain/bin/../lib/gcc/aarch64-buildroot-linux-gnu/10.4.0/crtbeginS.o] ==> [/opt/atk-dlrk3588-toolchain/lib/gcc/aarch64-buildroot-linux-gnu/10.4.0/crtbeginS.o]
  collapse obj [/opt/atk-dlrk3588-toolchain/bin/../lib/gcc/aarch64-buildroot-linux-gnu/10.4.0/crtendS.o] ==> [/opt/atk-dlrk3588-toolchain/lib/gcc/aarch64-buildroot-linux-gnu/10.4.0/crtendS.o]
  collapse obj [/opt/atk-dlrk3588-toolchain/aarch64-buildroot-linux-gnu/sysroot/lib/../lib64/crtn.o] ==> [/opt/atk-dlrk3588-toolchain/aarch64-buildroot-linux-gnu/sysroot/lib64/crtn.o]
  collapse library dir [/opt/atk-dlrk3588-toolchain/bin/../lib/gcc/aarch64-buildroot-linux-gnu/10.4.0] ==> [/opt/atk-dlrk3588-toolchain/lib/gcc/aarch64-buildroot-linux-gnu/10.4.0]
  collapse library dir [/opt/atk-dlrk3588-toolchain/bin/../lib/gcc] ==> [/opt/atk-dlrk3588-toolchain/lib/gcc]
  collapse library dir [/opt/atk-dlrk3588-toolchain/bin/../lib/gcc/aarch64-buildroot-linux-gnu/10.4.0/../../../../aarch64-buildroot-linux-gnu/lib/../lib64] ==> [/opt/atk-dlrk3588-toolchain/aarch64-buildroot-linux-gnu/lib64]
  collapse library dir [/opt/atk-dlrk3588-toolchain/aarch64-buildroot-linux-gnu/sysroot/lib/../lib64] ==> [/opt/atk-dlrk3588-toolchain/aarch64-buildroot-linux-gnu/sysroot/lib64]
  collapse library dir [/opt/atk-dlrk3588-toolchain/aarch64-buildroot-linux-gnu/sysroot/usr/lib/../lib64] ==> [/opt/atk-dlrk3588-toolchain/aarch64-buildroot-linux-gnu/sysroot/usr/lib64]
  collapse library dir [/opt/atk-dlrk3588-toolchain/bin/../lib/gcc/aarch64-buildroot-linux-gnu/10.4.0/../../../../aarch64-buildroot-linux-gnu/lib] ==> [/opt/atk-dlrk3588-toolchain/aarch64-buildroot-linux-gnu/lib]
  collapse library dir [/opt/atk-dlrk3588-toolchain/aarch64-buildroot-linux-gnu/sysroot/lib] ==> [/opt/atk-dlrk3588-toolchain/aarch64-buildroot-linux-gnu/sysroot/lib]
  collapse library dir [/opt/atk-dlrk3588-toolchain/aarch64-buildroot-linux-gnu/sysroot/usr/lib] ==> [/opt/atk-dlrk3588-toolchain/aarch64-buildroot-linux-gnu/sysroot/usr/lib]
  implicit libs: [gcc;gcc_s;c;gcc;gcc_s]
  implicit objs: [/opt/atk-dlrk3588-toolchain/aarch64-buildroot-linux-gnu/sysroot/lib64/Scrt1.o;/opt/atk-dlrk3588-toolchain/aarch64-buildroot-linux-gnu/sysroot/lib64/crti.o;/opt/atk-dlrk3588-toolchain/lib/gcc/aarch64-buildroot-linux-gnu/10.4.0/crtbeginS.o;/opt/atk-dlrk3588-toolchain/lib/gcc/aarch64-buildroot-linux-gnu/10.4.0/crtendS.o;/opt/atk-dlrk3588-toolchain/aarch64-buildroot-linux-gnu/sysroot/lib64/crtn.o]
  implicit dirs: [/opt/atk-dlrk3588-toolchain/lib/gcc/aarch64-buildroot-linux-gnu/10.4.0;/opt/atk-dlrk3588-toolchain/lib/gcc;/opt/atk-dlrk3588-toolchain/aarch64-buildroot-linux-gnu/lib64;/opt/atk-dlrk3588-toolchain/aarch64-buildroot-linux-gnu/sysroot/lib64;/opt/atk-dlrk3588-toolchain/aarch64-buildroot-linux-gnu/sysroot/usr/lib64;/opt/atk-dlrk3588-toolchain/aarch64-buildroot-linux-gnu/lib;/opt/atk-dlrk3588-toolchain/aarch64-buildroot-linux-gnu/sysroot/lib;/opt/atk-dlrk3588-toolchain/aarch64-buildroot-linux-gnu/sysroot/usr/lib]
  implicit fwks: []


Detecting CXX compiler ABI info compiled with the following output:
Change Dir: /home/shizhan/5808/sz/195_202600519_eis/libsrc_mtx/build/CMakeFiles/CMakeTmp

Run Build Command(s):/usr/bin/gmake -f Makefile cmTC_793e6/fast && /usr/bin/gmake  -f CMakeFiles/cmTC_793e6.dir/build.make CMakeFiles/cmTC_793e6.dir/build
gmake[1]: Entering directory '/home/shizhan/5808/sz/195_202600519_eis/libsrc_mtx/build/CMakeFiles/CMakeTmp'
Building CXX object CMakeFiles/cmTC_793e6.dir/CMakeCXXCompilerABI.cpp.o
/opt/atk-dlrk3588-toolchain/bin/aarch64-buildroot-linux-gnu-g++ --sysroot=/opt/atk-dlrk3588-toolchain/aarch64-buildroot-linux-gnu/sysroot   -D_LARGEFILE_SOURCE -D_LARGEFILE64_SOURCE -D_FILE_OFFSET_BITS=64 -Os -g0 -D_FORTIFY_SOURCE=1   -DNDEBUG   -v -o CMakeFiles/cmTC_793e6.dir/CMakeCXXCompilerABI.cpp.o -c /usr/share/cmake-3.22/Modules/CMakeCXXCompilerABI.cpp
Using built-in specs.
COLLECT_GCC=/opt/atk-dlrk3588-toolchain/bin/aarch64-buildroot-linux-gnu-g++.br_real
Target: aarch64-buildroot-linux-gnu
Configured with: ./configure --prefix=/home/alientek/ATK-DLRK3588/buildroot/output/rockchip_atk_dlrk3588/host --sysconfdir=/home/alientek/ATK-DLRK3588/buildroot/output/rockchip_atk_dlrk3588/host/etc --enable-static --target=aarch64-buildroot-linux-gnu --with-sysroot=/home/alientek/ATK-DLRK3588/buildroot/output/rockchip_atk_dlrk3588/host/aarch64-buildroot-linux-gnu/sysroot --enable-__cxa_atexit --with-gnu-ld --disable-libssp --disable-multilib --disable-decimal-float --enable-plugins --enable-lto --with-gmp=/home/alientek/ATK-DLRK3588/buildroot/output/rockchip_atk_dlrk3588/host --with-mpc=/home/alientek/ATK-DLRK3588/buildroot/output/rockchip_atk_dlrk3588/host --with-mpfr=/home/alientek/ATK-DLRK3588/buildroot/output/rockchip_atk_dlrk3588/host --with-pkgversion='Buildroot linux-5.10-gen-rkr5.1-164-g935bc360ac-dirty' --with-bugurl=http://bugs.buildroot.net/ --without-zstd --disable-libquadmath --disable-libquadmath-support --enable-tls --enable-threads --without-isl --without-cloog --with-abi=lp64 --with-cpu=cortex-a76.cortex-a55 --enable-languages=c,c++ --with-build-time-tools=/home/alientek/ATK-DLRK3588/buildroot/output/rockchip_atk_dlrk3588/host/aarch64-buildroot-linux-gnu/bin --enable-shared --disable-libgomp
Thread model: posix
Supported LTO compression algorithms: zlib
gcc version 10.4.0 (Buildroot linux-5.10-gen-rkr5.1-164-g935bc360ac-dirty) 
COLLECT_GCC_OPTIONS='-fstack-protector-strong' '-fPIE' '-pie' '-D' '_LARGEFILE_SOURCE' '-D' '_LARGEFILE64_SOURCE' '-D' '_FILE_OFFSET_BITS=64' '-Os' '-g0' '-D' '_FORTIFY_SOURCE=1' '-D' 'NDEBUG' '-v' '-o' 'CMakeFiles/cmTC_793e6.dir/CMakeCXXCompilerABI.cpp.o' '-c' '-shared-libgcc' '-mcpu=cortex-a76.cortex-a55' '-mlittle-endian' '-mabi=lp64'
 /opt/atk-dlrk3588-toolchain/bin/../libexec/gcc/aarch64-buildroot-linux-gnu/10.4.0/cc1plus -quiet -v -iprefix /opt/atk-dlrk3588-toolchain/bin/../lib/gcc/aarch64-buildroot-linux-gnu/10.4.0/ -isysroot /opt/atk-dlrk3588-toolchain/aarch64-buildroot-linux-gnu/sysroot -D_GNU_SOURCE -D _LARGEFILE_SOURCE -D _LARGEFILE64_SOURCE -D _FILE_OFFSET_BITS=64 -D _FORTIFY_SOURCE=1 -D NDEBUG /usr/share/cmake-3.22/Modules/CMakeCXXCompilerABI.cpp -quiet -dumpbase CMakeCXXCompilerABI.cpp -mcpu=cortex-a76.cortex-a55 -mlittle-endian -mabi=lp64 -auxbase-strip CMakeFiles/cmTC_793e6.dir/CMakeCXXCompilerABI.cpp.o -g0 -Os -version -fstack-protector-strong -fPIE -o /tmp/ccvi0Ror.s
GNU C++14 (Buildroot linux-5.10-gen-rkr5.1-164-g935bc360ac-dirty) version 10.4.0 (aarch64-buildroot-linux-gnu)
	compiled by GNU C version 9.4.0, GMP version 6.2.1, MPFR version 4.1.0, MPC version 1.2.1, isl version none
GGC heuristics: --param ggc-min-expand=100 --param ggc-min-heapsize=131072
ignoring duplicate directory "/opt/atk-dlrk3588-toolchain/bin/../lib/gcc/../../lib/gcc/aarch64-buildroot-linux-gnu/10.4.0/../../../../aarch64-buildroot-linux-gnu/include/c++/10.4.0"
ignoring duplicate directory "/opt/atk-dlrk3588-toolchain/bin/../lib/gcc/../../lib/gcc/aarch64-buildroot-linux-gnu/10.4.0/../../../../aarch64-buildroot-linux-gnu/include/c++/10.4.0/aarch64-buildroot-linux-gnu"
ignoring duplicate directory "/opt/atk-dlrk3588-toolchain/bin/../lib/gcc/../../lib/gcc/aarch64-buildroot-linux-gnu/10.4.0/../../../../aarch64-buildroot-linux-gnu/include/c++/10.4.0/backward"
ignoring duplicate directory "/opt/atk-dlrk3588-toolchain/bin/../lib/gcc/../../lib/gcc/aarch64-buildroot-linux-gnu/10.4.0/include"
ignoring nonexistent directory "/opt/atk-dlrk3588-toolchain/aarch64-buildroot-linux-gnu/sysroot/usr/local/include"
ignoring duplicate directory "/opt/atk-dlrk3588-toolchain/bin/../lib/gcc/../../lib/gcc/aarch64-buildroot-linux-gnu/10.4.0/include-fixed"
ignoring duplicate directory "/opt/atk-dlrk3588-toolchain/bin/../lib/gcc/../../lib/gcc/aarch64-buildroot-linux-gnu/10.4.0/../../../../aarch64-buildroot-linux-gnu/include"
#include "..." search starts here:
#include <...> search starts here:
 /opt/atk-dlrk3588-toolchain/bin/../lib/gcc/aarch64-buildroot-linux-gnu/10.4.0/../../../../aarch64-buildroot-linux-gnu/include/c++/10.4.0
 /opt/atk-dlrk3588-toolchain/bin/../lib/gcc/aarch64-buildroot-linux-gnu/10.4.0/../../../../aarch64-buildroot-linux-gnu/include/c++/10.4.0/aarch64-buildroot-linux-gnu
 /opt/atk-dlrk3588-toolchain/bin/../lib/gcc/aarch64-buildroot-linux-gnu/10.4.0/../../../../aarch64-buildroot-linux-gnu/include/c++/10.4.0/backward
 /opt/atk-dlrk3588-toolchain/bin/../lib/gcc/aarch64-buildroot-linux-gnu/10.4.0/include
 /opt/atk-dlrk3588-toolchain/bin/../lib/gcc/aarch64-buildroot-linux-gnu/10.4.0/include-fixed
 /opt/atk-dlrk3588-toolchain/bin/../lib/gcc/aarch64-buildroot-linux-gnu/10.4.0/../../../../aarch64-buildroot-linux-gnu/include
 /opt/atk-dlrk3588-toolchain/aarch64-buildroot-linux-gnu/sysroot/usr/include
End of search list.
GNU C++14 (Buildroot linux-5.10-gen-rkr5.1-164-g935bc360ac-dirty) version 10.4.0 (aarch64-buildroot-linux-gnu)
	compiled by GNU C version 9.4.0, GMP version 6.2.1, MPFR version 4.1.0, MPC version 1.2.1, isl version none
GGC heuristics: --param ggc-min-expand=100 --param ggc-min-heapsize=131072
Compiler executable checksum: b826d6c8ea492134e32b214a1dcbf419
COLLECT_GCC_OPTIONS='-fstack-protector-strong' '-fPIE' '-pie' '-D' '_LARGEFILE_SOURCE' '-D' '_LARGEFILE64_SOURCE' '-D' '_FILE_OFFSET_BITS=64' '-Os' '-g0' '-D' '_FORTIFY_SOURCE=1' '-D' 'NDEBUG' '-v' '-o' 'CMakeFiles/cmTC_793e6.dir/CMakeCXXCompilerABI.cpp.o' '-c' '-shared-libgcc' '-mcpu=cortex-a76.cortex-a55' '-mlittle-endian' '-mabi=lp64'
 /opt/atk-dlrk3588-toolchain/bin/../lib/gcc/aarch64-buildroot-linux-gnu/10.4.0/../../../../aarch64-buildroot-linux-gnu/bin/as -v -EL -march=armv8.2-a+fp16+rcpc+dotprod -mabi=lp64 -o CMakeFiles/cmTC_793e6.dir/CMakeCXXCompilerABI.cpp.o /tmp/ccvi0Ror.s
GNU assembler version 2.40 (aarch64-buildroot-linux-gnu) using BFD version (GNU Binutils) 2.40
COMPILER_PATH=/opt/atk-dlrk3588-toolchain/bin/../libexec/gcc/aarch64-buildroot-linux-gnu/10.4.0/:/opt/atk-dlrk3588-toolchain/bin/../libexec/gcc/:/opt/atk-dlrk3588-toolchain/bin/../lib/gcc/aarch64-buildroot-linux-gnu/10.4.0/../../../../aarch64-buildroot-linux-gnu/bin/
LIBRARY_PATH=/opt/atk-dlrk3588-toolchain/bin/../lib/gcc/aarch64-buildroot-linux-gnu/10.4.0/:/opt/atk-dlrk3588-toolchain/bin/../lib/gcc/:/opt/atk-dlrk3588-toolchain/bin/../lib/gcc/aarch64-buildroot-linux-gnu/10.4.0/../../../../aarch64-buildroot-linux-gnu/lib/../lib64/:/opt/atk-dlrk3588-toolchain/aarch64-buildroot-linux-gnu/sysroot/lib/../lib64/:/opt/atk-dlrk3588-toolchain/aarch64-buildroot-linux-gnu/sysroot/usr/lib/../lib64/:/opt/atk-dlrk3588-toolchain/bin/../lib/gcc/aarch64-buildroot-linux-gnu/10.4.0/../../../../aarch64-buildroot-linux-gnu/lib/:/opt/atk-dlrk3588-toolchain/aarch64-buildroot-linux-gnu/sysroot/lib/:/opt/atk-dlrk3588-toolchain/aarch64-buildroot-linux-gnu/sysroot/usr/lib/
COLLECT_GCC_OPTIONS='-fstack-protector-strong' '-fPIE' '-pie' '-D' '_LARGEFILE_SOURCE' '-D' '_LARGEFILE64_SOURCE' '-D' '_FILE_OFFSET_BITS=64' '-Os' '-g0' '-D' '_FORTIFY_SOURCE=1' '-D' 'NDEBUG' '-v' '-o' 'CMakeFiles/cmTC_793e6.dir/CMakeCXXCompilerABI.cpp.o' '-c' '-shared-libgcc' '-mcpu=cortex-a76.cortex-a55' '-mlittle-endian' '-mabi=lp64'
Linking CXX executable cmTC_793e6
/usr/bin/cmake -E cmake_link_script CMakeFiles/cmTC_793e6.dir/link.txt --verbose=1
/opt/atk-dlrk3588-toolchain/bin/aarch64-buildroot-linux-gnu-g++ --sysroot=/opt/atk-dlrk3588-toolchain/aarch64-buildroot-linux-gnu/sysroot -D_LARGEFILE_SOURCE -D_LARGEFILE64_SOURCE -D_FILE_OFFSET_BITS=64 -Os -g0 -D_FORTIFY_SOURCE=1   -DNDEBUG  -v CMakeFiles/cmTC_793e6.dir/CMakeCXXCompilerABI.cpp.o -o cmTC_793e6 
Using built-in specs.
COLLECT_GCC=/opt/atk-dlrk3588-toolchain/bin/aarch64-buildroot-linux-gnu-g++.br_real
COLLECT_LTO_WRAPPER=/opt/atk-dlrk3588-toolchain/bin/../libexec/gcc/aarch64-buildroot-linux-gnu/10.4.0/lto-wrapper
Target: aarch64-buildroot-linux-gnu
Configured with: ./configure --prefix=/home/alientek/ATK-DLRK3588/buildroot/output/rockchip_atk_dlrk3588/host --sysconfdir=/home/alientek/ATK-DLRK3588/buildroot/output/rockchip_atk_dlrk3588/host/etc --enable-static --target=aarch64-buildroot-linux-gnu --with-sysroot=/home/alientek/ATK-DLRK3588/buildroot/output/rockchip_atk_dlrk3588/host/aarch64-buildroot-linux-gnu/sysroot --enable-__cxa_atexit --with-gnu-ld --disable-libssp --disable-multilib --disable-decimal-float --enable-plugins --enable-lto --with-gmp=/home/alientek/ATK-DLRK3588/buildroot/output/rockchip_atk_dlrk3588/host --with-mpc=/home/alientek/ATK-DLRK3588/buildroot/output/rockchip_atk_dlrk3588/host --with-mpfr=/home/alientek/ATK-DLRK3588/buildroot/output/rockchip_atk_dlrk3588/host --with-pkgversion='Buildroot linux-5.10-gen-rkr5.1-164-g935bc360ac-dirty' --with-bugurl=http://bugs.buildroot.net/ --without-zstd --disable-libquadmath --disable-libquadmath-support --enable-tls --enable-threads --without-isl --without-cloog --with-abi=lp64 --with-cpu=cortex-a76.cortex-a55 --enable-languages=c,c++ --with-build-time-tools=/home/alientek/ATK-DLRK3588/buildroot/output/rockchip_atk_dlrk3588/host/aarch64-buildroot-linux-gnu/bin --enable-shared --disable-libgomp
Thread model: posix
Supported LTO compression algorithms: zlib
gcc version 10.4.0 (Buildroot linux-5.10-gen-rkr5.1-164-g935bc360ac-dirty) 
COMPILER_PATH=/opt/atk-dlrk3588-toolchain/bin/../libexec/gcc/aarch64-buildroot-linux-gnu/10.4.0/:/opt/atk-dlrk3588-toolchain/bin/../libexec/gcc/:/opt/atk-dlrk3588-toolchain/bin/../lib/gcc/aarch64-buildroot-linux-gnu/10.4.0/../../../../aarch64-buildroot-linux-gnu/bin/
LIBRARY_PATH=/opt/atk-dlrk3588-toolchain/bin/../lib/gcc/aarch64-buildroot-linux-gnu/10.4.0/:/opt/atk-dlrk3588-toolchain/bin/../lib/gcc/:/opt/atk-dlrk3588-toolchain/bin/../lib/gcc/aarch64-buildroot-linux-gnu/10.4.0/../../../../aarch64-buildroot-linux-gnu/lib/../lib64/:/opt/atk-dlrk3588-toolchain/aarch64-buildroot-linux-gnu/sysroot/lib/../lib64/:/opt/atk-dlrk3588-toolchain/aarch64-buildroot-linux-gnu/sysroot/usr/lib/../lib64/:/opt/atk-dlrk3588-toolchain/bin/../lib/gcc/aarch64-buildroot-linux-gnu/10.4.0/../../../../aarch64-buildroot-linux-gnu/lib/:/opt/atk-dlrk3588-toolchain/aarch64-buildroot-linux-gnu/sysroot/lib/:/opt/atk-dlrk3588-toolchain/aarch64-buildroot-linux-gnu/sysroot/usr/lib/
COLLECT_GCC_OPTIONS='-fstack-protector-strong' '-fPIE' '-pie' '-D' '_LARGEFILE_SOURCE' '-D' '_LARGEFILE64_SOURCE' '-D' '_FILE_OFFSET_BITS=64' '-Os' '-g0' '-D' '_FORTIFY_SOURCE=1' '-D' 'NDEBUG' '-v' '-o' 'cmTC_793e6' '-shared-libgcc' '-mcpu=cortex-a76.cortex-a55' '-mlittle-endian' '-mabi=lp64'
 /opt/atk-dlrk3588-toolchain/bin/../libexec/gcc/aarch64-buildroot-linux-gnu/10.4.0/collect2 -plugin /opt/atk-dlrk3588-toolchain/bin/../libexec/gcc/aarch64-buildroot-linux-gnu/10.4.0/liblto_plugin.so -plugin-opt=/opt/atk-dlrk3588-toolchain/bin/../libexec/gcc/aarch64-buildroot-linux-gnu/10.4.0/lto-wrapper -plugin-opt=-fresolution=/tmp/ccCujvve.res -plugin-opt=-pass-through=-lgcc_s -plugin-opt=-pass-through=-lgcc -plugin-opt=-pass-through=-lc -plugin-opt=-pass-through=-lgcc_s -plugin-opt=-pass-through=-lgcc --sysroot=/opt/atk-dlrk3588-toolchain/aarch64-buildroot-linux-gnu/sysroot --eh-frame-hdr -dynamic-linker /lib/ld-linux-aarch64.so.1 -X -EL -maarch64linux -pie -o cmTC_793e6 /opt/atk-dlrk3588-toolchain/aarch64-buildroot-linux-gnu/sysroot/lib/../lib64/Scrt1.o /opt/atk-dlrk3588-toolchain/aarch64-buildroot-linux-gnu/sysroot/lib/../lib64/crti.o /opt/atk-dlrk3588-toolchain/bin/../lib/gcc/aarch64-buildroot-linux-gnu/10.4.0/crtbeginS.o -L/opt/atk-dlrk3588-toolchain/bin/../lib/gcc/aarch64-buildroot-linux-gnu/10.4.0 -L/opt/atk-dlrk3588-toolchain/bin/../lib/gcc -L/opt/atk-dlrk3588-toolchain/bin/../lib/gcc/aarch64-buildroot-linux-gnu/10.4.0/../../../../aarch64-buildroot-linux-gnu/lib/../lib64 -L/opt/atk-dlrk3588-toolchain/aarch64-buildroot-linux-gnu/sysroot/lib/../lib64 -L/opt/atk-dlrk3588-toolchain/aarch64-buildroot-linux-gnu/sysroot/usr/lib/../lib64 -L/opt/atk-dlrk3588-toolchain/bin/../lib/gcc/aarch64-buildroot-linux-gnu/10.4.0/../../../../aarch64-buildroot-linux-gnu/lib -L/opt/atk-dlrk3588-toolchain/aarch64-buildroot-linux-gnu/sysroot/lib -L/opt/atk-dlrk3588-toolchain/aarch64-buildroot-linux-gnu/sysroot/usr/lib -z max-page-size=4096 -z common-page-size=4096 -z now -z relro CMakeFiles/cmTC_793e6.dir/CMakeCXXCompilerABI.cpp.o -lstdc++ -lm -lgcc_s -lgcc -lc -lgcc_s -lgcc /opt/atk-dlrk3588-toolchain/bin/../lib/gcc/aarch64-buildroot-linux-gnu/10.4.0/crtendS.o /opt/atk-dlrk3588-toolchain/aarch64-buildroot-linux-gnu/sysroot/lib/../lib64/crtn.o
COLLECT_GCC_OPTIONS='-fstack-protector-strong' '-fPIE' '-pie' '-D' '_LARGEFILE_SOURCE' '-D' '_LARGEFILE64_SOURCE' '-D' '_FILE_OFFSET_BITS=64' '-Os' '-g0' '-D' '_FORTIFY_SOURCE=1' '-D' 'NDEBUG' '-v' '-o' 'cmTC_793e6' '-shared-libgcc' '-mcpu=cortex-a76.cortex-a55' '-mlittle-endian' '-mabi=lp64'
gmake[1]: Leaving directory '/home/shizhan/5808/sz/195_202600519_eis/libsrc_mtx/build/CMakeFiles/CMakeTmp'



Parsed CXX implicit include dir info from above output: rv=done
  found start of include info
  found start of implicit include info
    add: [/opt/atk-dlrk3588-toolchain/bin/../lib/gcc/aarch64-buildroot-linux-gnu/10.4.0/../../../../aarch64-buildroot-linux-gnu/include/c++/10.4.0]
    add: [/opt/atk-dlrk3588-toolchain/bin/../lib/gcc/aarch64-buildroot-linux-gnu/10.4.0/../../../../aarch64-buildroot-linux-gnu/include/c++/10.4.0/aarch64-buildroot-linux-gnu]
    add: [/opt/atk-dlrk3588-toolchain/bin/../lib/gcc/aarch64-buildroot-linux-gnu/10.4.0/../../../../aarch64-buildroot-linux-gnu/include/c++/10.4.0/backward]
    add: [/opt/atk-dlrk3588-toolchain/bin/../lib/gcc/aarch64-buildroot-linux-gnu/10.4.0/include]
    add: [/opt/atk-dlrk3588-toolchain/bin/../lib/gcc/aarch64-buildroot-linux-gnu/10.4.0/include-fixed]
    add: [/opt/atk-dlrk3588-toolchain/bin/../lib/gcc/aarch64-buildroot-linux-gnu/10.4.0/../../../../aarch64-buildroot-linux-gnu/include]
    add: [/opt/atk-dlrk3588-toolchain/aarch64-buildroot-linux-gnu/sysroot/usr/include]
  end of search list found
  collapse include dir [/opt/atk-dlrk3588-toolchain/bin/../lib/gcc/aarch64-buildroot-linux-gnu/10.4.0/../../../../aarch64-buildroot-linux-gnu/include/c++/10.4.0] ==> [/opt/atk-dlrk3588-toolchain/aarch64-buildroot-linux-gnu/include/c++/10.4.0]
  collapse include dir [/opt/atk-dlrk3588-toolchain/bin/../lib/gcc/aarch64-buildroot-linux-gnu/10.4.0/../../../../aarch64-buildroot-linux-gnu/include/c++/10.4.0/aarch64-buildroot-linux-gnu] ==> [/opt/atk-dlrk3588-toolchain/aarch64-buildroot-linux-gnu/include/c++/10.4.0/aarch64-buildroot-linux-gnu]
  collapse include dir [/opt/atk-dlrk3588-toolchain/bin/../lib/gcc/aarch64-buildroot-linux-gnu/10.4.0/../../../../aarch64-buildroot-linux-gnu/include/c++/10.4.0/backward] ==> [/opt/atk-dlrk3588-toolchain/aarch64-buildroot-linux-gnu/include/c++/10.4.0/backward]
  collapse include dir [/opt/atk-dlrk3588-toolchain/bin/../lib/gcc/aarch64-buildroot-linux-gnu/10.4.0/include] ==> [/opt/atk-dlrk3588-toolchain/lib/gcc/aarch64-buildroot-linux-gnu/10.4.0/include]
  collapse include dir [/opt/atk-dlrk3588-toolchain/bin/../lib/gcc/aarch64-buildroot-linux-gnu/10.4.0/include-fixed] ==> [/opt/atk-dlrk3588-toolchain/lib/gcc/aarch64-buildroot-linux-gnu/10.4.0/include-fixed]
  collapse include dir [/opt/atk-dlrk3588-toolchain/bin/../lib/gcc/aarch64-buildroot-linux-gnu/10.4.0/../../../../aarch64-buildroot-linux-gnu/include] ==> [/opt/atk-dlrk3588-toolchain/aarch64-buildroot-linux-gnu/include]
  collapse include dir [/opt/atk-dlrk3588-toolchain/aarch64-buildroot-linux-gnu/sysroot/usr/include] ==> [/opt/atk-dlrk3588-toolchain/aarch64-buildroot-linux-gnu/sysroot/usr/include]
  implicit include dirs: [/opt/atk-dlrk3588-toolchain/aarch64-buildroot-linux-gnu/include/c++/10.4.0;/opt/atk-dlrk3588-toolchain/aarch64-buildroot-linux-gnu/include/c++/10.4.0/aarch64-buildroot-linux-gnu;/opt/atk-dlrk3588-toolchain/aarch64-buildroot-linux-gnu/include/c++/10.4.0/backward;/opt/atk-dlrk3588-toolchain/lib/gcc/aarch64-buildroot-linux-gnu/10.4.0/include;/opt/atk-dlrk3588-toolchain/lib/gcc/aarch64-buildroot-linux-gnu/10.4.0/include-fixed;/opt/atk-dlrk3588-toolchain/aarch64-buildroot-linux-gnu/include;/opt/atk-dlrk3588-toolchain/aarch64-buildroot-linux-gnu/sysroot/usr/include]


Parsed CXX implicit link information from above output:
  link line regex: [^( *|.*[/\])(aarch64-buildroot-linux-gnu-ld|CMAKE_LINK_STARTFILE-NOTFOUND|([^/\]+-)?ld|collect2)[^/\]*( |$)]
  ignore line: [Change Dir: /home/shizhan/5808/sz/195_202600519_eis/libsrc_mtx/build/CMakeFiles/CMakeTmp]
  ignore line: []
  ignore line: [Run Build Command(s):/usr/bin/gmake -f Makefile cmTC_793e6/fast && /usr/bin/gmake  -f CMakeFiles/cmTC_793e6.dir/build.make CMakeFiles/cmTC_793e6.dir/build]
  ignore line: [gmake[1]: Entering directory '/home/shizhan/5808/sz/195_202600519_eis/libsrc_mtx/build/CMakeFiles/CMakeTmp']
  ignore line: [Building CXX object CMakeFiles/cmTC_793e6.dir/CMakeCXXCompilerABI.cpp.o]
  ignore line: [/opt/atk-dlrk3588-toolchain/bin/aarch64-buildroot-linux-gnu-g++ --sysroot=/opt/atk-dlrk3588-toolchain/aarch64-buildroot-linux-gnu/sysroot   -D_LARGEFILE_SOURCE -D_LARGEFILE64_SOURCE -D_FILE_OFFSET_BITS=64 -Os -g0 -D_FORTIFY_SOURCE=1   -DNDEBUG   -v -o CMakeFiles/cmTC_793e6.dir/CMakeCXXCompilerABI.cpp.o -c /usr/share/cmake-3.22/Modules/CMakeCXXCompilerABI.cpp]
  ignore line: [Using built-in specs.]
  ignore line: [COLLECT_GCC=/opt/atk-dlrk3588-toolchain/bin/aarch64-buildroot-linux-gnu-g++.br_real]
  ignore line: [Target: aarch64-buildroot-linux-gnu]
  ignore line: [Configured with: ./configure --prefix=/home/alientek/ATK-DLRK3588/buildroot/output/rockchip_atk_dlrk3588/host --sysconfdir=/home/alientek/ATK-DLRK3588/buildroot/output/rockchip_atk_dlrk3588/host/etc --enable-static --target=aarch64-buildroot-linux-gnu --with-sysroot=/home/alientek/ATK-DLRK3588/buildroot/output/rockchip_atk_dlrk3588/host/aarch64-buildroot-linux-gnu/sysroot --enable-__cxa_atexit --with-gnu-ld --disable-libssp --disable-multilib --disable-decimal-float --enable-plugins --enable-lto --with-gmp=/home/alientek/ATK-DLRK3588/buildroot/output/rockchip_atk_dlrk3588/host --with-mpc=/home/alientek/ATK-DLRK3588/buildroot/output/rockchip_atk_dlrk3588/host --with-mpfr=/home/alientek/ATK-DLRK3588/buildroot/output/rockchip_atk_dlrk3588/host --with-pkgversion='Buildroot linux-5.10-gen-rkr5.1-164-g935bc360ac-dirty' --with-bugurl=http://bugs.buildroot.net/ --without-zstd --disable-libquadmath --disable-libquadmath-support --enable-tls --enable-threads --without-isl --without-cloog --with-abi=lp64 --with-cpu=cortex-a76.cortex-a55 --enable-languages=c,c++ --with-build-time-tools=/home/alientek/ATK-DLRK3588/buildroot/output/rockchip_atk_dlrk3588/host/aarch64-buildroot-linux-gnu/bin --enable-shared --disable-libgomp]
  ignore line: [Thread model: posix]
  ignore line: [Supported LTO compression algorithms: zlib]
  ignore line: [gcc version 10.4.0 (Buildroot linux-5.10-gen-rkr5.1-164-g935bc360ac-dirty) ]
  ignore line: [COLLECT_GCC_OPTIONS='-fstack-protector-strong' '-fPIE' '-pie' '-D' '_LARGEFILE_SOURCE' '-D' '_LARGEFILE64_SOURCE' '-D' '_FILE_OFFSET_BITS=64' '-Os' '-g0' '-D' '_FORTIFY_SOURCE=1' '-D' 'NDEBUG' '-v' '-o' 'CMakeFiles/cmTC_793e6.dir/CMakeCXXCompilerABI.cpp.o' '-c' '-shared-libgcc' '-mcpu=cortex-a76.cortex-a55' '-mlittle-endian' '-mabi=lp64']
  ignore line: [ /opt/atk-dlrk3588-toolchain/bin/../libexec/gcc/aarch64-buildroot-linux-gnu/10.4.0/cc1plus -quiet -v -iprefix /opt/atk-dlrk3588-toolchain/bin/../lib/gcc/aarch64-buildroot-linux-gnu/10.4.0/ -isysroot /opt/atk-dlrk3588-toolchain/aarch64-buildroot-linux-gnu/sysroot -D_GNU_SOURCE -D _LARGEFILE_SOURCE -D _LARGEFILE64_SOURCE -D _FILE_OFFSET_BITS=64 -D _FORTIFY_SOURCE=1 -D NDEBUG /usr/share/cmake-3.22/Modules/CMakeCXXCompilerABI.cpp -quiet -dumpbase CMakeCXXCompilerABI.cpp -mcpu=cortex-a76.cortex-a55 -mlittle-endian -mabi=lp64 -auxbase-strip CMakeFiles/cmTC_793e6.dir/CMakeCXXCompilerABI.cpp.o -g0 -Os -version -fstack-protector-strong -fPIE -o /tmp/ccvi0Ror.s]
  ignore line: [GNU C++14 (Buildroot linux-5.10-gen-rkr5.1-164-g935bc360ac-dirty) version 10.4.0 (aarch64-buildroot-linux-gnu)]
  ignore line: [	compiled by GNU C version 9.4.0  GMP version 6.2.1  MPFR version 4.1.0  MPC version 1.2.1  isl version none]
  ignore line: [GGC heuristics: --param ggc-min-expand=100 --param ggc-min-heapsize=131072]
  ignore line: [ignoring duplicate directory "/opt/atk-dlrk3588-toolchain/bin/../lib/gcc/../../lib/gcc/aarch64-buildroot-linux-gnu/10.4.0/../../../../aarch64-buildroot-linux-gnu/include/c++/10.4.0"]
  ignore line: [ignoring duplicate directory "/opt/atk-dlrk3588-toolchain/bin/../lib/gcc/../../lib/gcc/aarch64-buildroot-linux-gnu/10.4.0/../../../../aarch64-buildroot-linux-gnu/include/c++/10.4.0/aarch64-buildroot-linux-gnu"]
  ignore line: [ignoring duplicate directory "/opt/atk-dlrk3588-toolchain/bin/../lib/gcc/../../lib/gcc/aarch64-buildroot-linux-gnu/10.4.0/../../../../aarch64-buildroot-linux-gnu/include/c++/10.4.0/backward"]
  ignore line: [ignoring duplicate directory "/opt/atk-dlrk3588-toolchain/bin/../lib/gcc/../../lib/gcc/aarch64-buildroot-linux-gnu/10.4.0/include"]
  ignore line: [ignoring nonexistent directory "/opt/atk-dlrk3588-toolchain/aarch64-buildroot-linux-gnu/sysroot/usr/local/include"]
  ignore line: [ignoring duplicate directory "/opt/atk-dlrk3588-toolchain/bin/../lib/gcc/../../lib/gcc/aarch64-buildroot-linux-gnu/10.4.0/include-fixed"]
  ignore line: [ignoring duplicate directory "/opt/atk-dlrk3588-toolchain/bin/../lib/gcc/../../lib/gcc/aarch64-buildroot-linux-gnu/10.4.0/../../../../aarch64-buildroot-linux-gnu/include"]
  ignore line: [#include "..." search starts here:]
  ignore line: [#include <...> search starts here:]
  ignore line: [ /opt/atk-dlrk3588-toolchain/bin/../lib/gcc/aarch64-buildroot-linux-gnu/10.4.0/../../../../aarch64-buildroot-linux-gnu/include/c++/10.4.0]
  ignore line: [ /opt/atk-dlrk3588-toolchain/bin/../lib/gcc/aarch64-buildroot-linux-gnu/10.4.0/../../../../aarch64-buildroot-linux-gnu/include/c++/10.4.0/aarch64-buildroot-linux-gnu]
  ignore line: [ /opt/atk-dlrk3588-toolchain/bin/../lib/gcc/aarch64-buildroot-linux-gnu/10.4.0/../../../../aarch64-buildroot-linux-gnu/include/c++/10.4.0/backward]
  ignore line: [ /opt/atk-dlrk3588-toolchain/bin/../lib/gcc/aarch64-buildroot-linux-gnu/10.4.0/include]
  ignore line: [ /opt/atk-dlrk3588-toolchain/bin/../lib/gcc/aarch64-buildroot-linux-gnu/10.4.0/include-fixed]
  ignore line: [ /opt/atk-dlrk3588-toolchain/bin/../lib/gcc/aarch64-buildroot-linux-gnu/10.4.0/../../../../aarch64-buildroot-linux-gnu/include]
  ignore line: [ /opt/atk-dlrk3588-toolchain/aarch64-buildroot-linux-gnu/sysroot/usr/include]
  ignore line: [End of search list.]
  ignore line: [GNU C++14 (Buildroot linux-5.10-gen-rkr5.1-164-g935bc360ac-dirty) version 10.4.0 (aarch64-buildroot-linux-gnu)]
  ignore line: [	compiled by GNU C version 9.4.0  GMP version 6.2.1  MPFR version 4.1.0  MPC version 1.2.1  isl version none]
  ignore line: [GGC heuristics: --param ggc-min-expand=100 --param ggc-min-heapsize=131072]
  ignore line: [Compiler executable checksum: b826d6c8ea492134e32b214a1dcbf419]
  ignore line: [COLLECT_GCC_OPTIONS='-fstack-protector-strong' '-fPIE' '-pie' '-D' '_LARGEFILE_SOURCE' '-D' '_LARGEFILE64_SOURCE' '-D' '_FILE_OFFSET_BITS=64' '-Os' '-g0' '-D' '_FORTIFY_SOURCE=1' '-D' 'NDEBUG' '-v' '-o' 'CMakeFiles/cmTC_793e6.dir/CMakeCXXCompilerABI.cpp.o' '-c' '-shared-libgcc' '-mcpu=cortex-a76.cortex-a55' '-mlittle-endian' '-mabi=lp64']
  ignore line: [ /opt/atk-dlrk3588-toolchain/bin/../lib/gcc/aarch64-buildroot-linux-gnu/10.4.0/../../../../aarch64-buildroot-linux-gnu/bin/as -v -EL -march=armv8.2-a+fp16+rcpc+dotprod -mabi=lp64 -o CMakeFiles/cmTC_793e6.dir/CMakeCXXCompilerABI.cpp.o /tmp/ccvi0Ror.s]
  ignore line: [GNU assembler version 2.40 (aarch64-buildroot-linux-gnu) using BFD version (GNU Binutils) 2.40]
  ignore line: [COMPILER_PATH=/opt/atk-dlrk3588-toolchain/bin/../libexec/gcc/aarch64-buildroot-linux-gnu/10.4.0/:/opt/atk-dlrk3588-toolchain/bin/../libexec/gcc/:/opt/atk-dlrk3588-toolchain/bin/../lib/gcc/aarch64-buildroot-linux-gnu/10.4.0/../../../../aarch64-buildroot-linux-gnu/bin/]
  ignore line: [LIBRARY_PATH=/opt/atk-dlrk3588-toolchain/bin/../lib/gcc/aarch64-buildroot-linux-gnu/10.4.0/:/opt/atk-dlrk3588-toolchain/bin/../lib/gcc/:/opt/atk-dlrk3588-toolchain/bin/../lib/gcc/aarch64-buildroot-linux-gnu/10.4.0/../../../../aarch64-buildroot-linux-gnu/lib/../lib64/:/opt/atk-dlrk3588-toolchain/aarch64-buildroot-linux-gnu/sysroot/lib/../lib64/:/opt/atk-dlrk3588-toolchain/aarch64-buildroot-linux-gnu/sysroot/usr/lib/../lib64/:/opt/atk-dlrk3588-toolchain/bin/../lib/gcc/aarch64-buildroot-linux-gnu/10.4.0/../../../../aarch64-buildroot-linux-gnu/lib/:/opt/atk-dlrk3588-toolchain/aarch64-buildroot-linux-gnu/sysroot/lib/:/opt/atk-dlrk3588-toolchain/aarch64-buildroot-linux-gnu/sysroot/usr/lib/]
  ignore line: [COLLECT_GCC_OPTIONS='-fstack-protector-strong' '-fPIE' '-pie' '-D' '_LARGEFILE_SOURCE' '-D' '_LARGEFILE64_SOURCE' '-D' '_FILE_OFFSET_BITS=64' '-Os' '-g0' '-D' '_FORTIFY_SOURCE=1' '-D' 'NDEBUG' '-v' '-o' 'CMakeFiles/cmTC_793e6.dir/CMakeCXXCompilerABI.cpp.o' '-c' '-shared-libgcc' '-mcpu=cortex-a76.cortex-a55' '-mlittle-endian' '-mabi=lp64']
  ignore line: [Linking CXX executable cmTC_793e6]
  ignore line: [/usr/bin/cmake -E cmake_link_script CMakeFiles/cmTC_793e6.dir/link.txt --verbose=1]
  ignore line: [/opt/atk-dlrk3588-toolchain/bin/aarch64-buildroot-linux-gnu-g++ --sysroot=/opt/atk-dlrk3588-toolchain/aarch64-buildroot-linux-gnu/sysroot -D_LARGEFILE_SOURCE -D_LARGEFILE64_SOURCE -D_FILE_OFFSET_BITS=64 -Os -g0 -D_FORTIFY_SOURCE=1   -DNDEBUG  -v CMakeFiles/cmTC_793e6.dir/CMakeCXXCompilerABI.cpp.o -o cmTC_793e6 ]
  ignore line: [Using built-in specs.]
  ignore line: [COLLECT_GCC=/opt/atk-dlrk3588-toolchain/bin/aarch64-buildroot-linux-gnu-g++.br_real]
  ignore line: [COLLECT_LTO_WRAPPER=/opt/atk-dlrk3588-toolchain/bin/../libexec/gcc/aarch64-buildroot-linux-gnu/10.4.0/lto-wrapper]
  ignore line: [Target: aarch64-buildroot-linux-gnu]
  ignore line: [Configured with: ./configure --prefix=/home/alientek/ATK-DLRK3588/buildroot/output/rockchip_atk_dlrk3588/host --sysconfdir=/home/alientek/ATK-DLRK3588/buildroot/output/rockchip_atk_dlrk3588/host/etc --enable-static --target=aarch64-buildroot-linux-gnu --with-sysroot=/home/alientek/ATK-DLRK3588/buildroot/output/rockchip_atk_dlrk3588/host/aarch64-buildroot-linux-gnu/sysroot --enable-__cxa_atexit --with-gnu-ld --disable-libssp --disable-multilib --disable-decimal-float --enable-plugins --enable-lto --with-gmp=/home/alientek/ATK-DLRK3588/buildroot/output/rockchip_atk_dlrk3588/host --with-mpc=/home/alientek/ATK-DLRK3588/buildroot/output/rockchip_atk_dlrk3588/host --with-mpfr=/home/alientek/ATK-DLRK3588/buildroot/output/rockchip_atk_dlrk3588/host --with-pkgversion='Buildroot linux-5.10-gen-rkr5.1-164-g935bc360ac-dirty' --with-bugurl=http://bugs.buildroot.net/ --without-zstd --disable-libquadmath --disable-libquadmath-support --enable-tls --enable-threads --without-isl --without-cloog --with-abi=lp64 --with-cpu=cortex-a76.cortex-a55 --enable-languages=c,c++ --with-build-time-tools=/home/alientek/ATK-DLRK3588/buildroot/output/rockchip_atk_dlrk3588/host/aarch64-buildroot-linux-gnu/bin --enable-shared --disable-libgomp]
  ignore line: [Thread model: posix]
  ignore line: [Supported LTO compression algorithms: zlib]
  ignore line: [gcc version 10.4.0 (Buildroot linux-5.10-gen-rkr5.1-164-g935bc360ac-dirty) ]
  ignore line: [COMPILER_PATH=/opt/atk-dlrk3588-toolchain/bin/../libexec/gcc/aarch64-buildroot-linux-gnu/10.4.0/:/opt/atk-dlrk3588-toolchain/bin/../libexec/gcc/:/opt/atk-dlrk3588-toolchain/bin/../lib/gcc/aarch64-buildroot-linux-gnu/10.4.0/../../../../aarch64-buildroot-linux-gnu/bin/]
  ignore line: [LIBRARY_PATH=/opt/atk-dlrk3588-toolchain/bin/../lib/gcc/aarch64-buildroot-linux-gnu/10.4.0/:/opt/atk-dlrk3588-toolchain/bin/../lib/gcc/:/opt/atk-dlrk3588-toolchain/bin/../lib/gcc/aarch64-buildroot-linux-gnu/10.4.0/../../../../aarch64-buildroot-linux-gnu/lib/../lib64/:/opt/atk-dlrk3588-toolchain/aarch64-buildroot-linux-gnu/sysroot/lib/../lib64/:/opt/atk-dlrk3588-toolchain/aarch64-buildroot-linux-gnu/sysroot/usr/lib/../lib64/:/opt/atk-dlrk3588-toolchain/bin/../lib/gcc/aarch64-buildroot-linux-gnu/10.4.0/../../../../aarch64-buildroot-linux-gnu/lib/:/opt/atk-dlrk3588-toolchain/aarch64-buildroot-linux-gnu/sysroot/lib/:/opt/atk-dlrk3588-toolchain/aarch64-buildroot-linux-gnu/sysroot/usr/lib/]
  ignore line: [COLLECT_GCC_OPTIONS='-fstack-protector-strong' '-fPIE' '-pie' '-D' '_LARGEFILE_SOURCE' '-D' '_LARGEFILE64_SOURCE' '-D' '_FILE_OFFSET_BITS=64' '-Os' '-g0' '-D' '_FORTIFY_SOURCE=1' '-D' 'NDEBUG' '-v' '-o' 'cmTC_793e6' '-shared-libgcc' '-mcpu=cortex-a76.cortex-a55' '-mlittle-endian' '-mabi=lp64']
  link line: [ /opt/atk-dlrk3588-toolchain/bin/../libexec/gcc/aarch64-buildroot-linux-gnu/10.4.0/collect2 -plugin /opt/atk-dlrk3588-toolchain/bin/../libexec/gcc/aarch64-buildroot-linux-gnu/10.4.0/liblto_plugin.so -plugin-opt=/opt/atk-dlrk3588-toolchain/bin/../libexec/gcc/aarch64-buildroot-linux-gnu/10.4.0/lto-wrapper -plugin-opt=-fresolution=/tmp/ccCujvve.res -plugin-opt=-pass-through=-lgcc_s -plugin-opt=-pass-through=-lgcc -plugin-opt=-pass-through=-lc -plugin-opt=-pass-through=-lgcc_s -plugin-opt=-pass-through=-lgcc --sysroot=/opt/atk-dlrk3588-toolchain/aarch64-buildroot-linux-gnu/sysroot --eh-frame-hdr -dynamic-linker /lib/ld-linux-aarch64.so.1 -X -EL -maarch64linux -pie -o cmTC_793e6 /opt/atk-dlrk3588-toolchain/aarch64-buildroot-linux-gnu/sysroot/lib/../lib64/Scrt1.o /opt/atk-dlrk3588-toolchain/aarch64-buildroot-linux-gnu/sysroot/lib/../lib64/crti.o /opt/atk-dlrk3588-toolchain/bin/../lib/gcc/aarch64-buildroot-linux-gnu/10.4.0/crtbeginS.o -L/opt/atk-dlrk3588-toolchain/bin/../lib/gcc/aarch64-buildroot-linux-gnu/10.4.0 -L/opt/atk-dlrk3588-toolchain/bin/../lib/gcc -L/opt/atk-dlrk3588-toolchain/bin/../lib/gcc/aarch64-buildroot-linux-gnu/10.4.0/../../../../aarch64-buildroot-linux-gnu/lib/../lib64 -L/opt/atk-dlrk3588-toolchain/aarch64-buildroot-linux-gnu/sysroot/lib/../lib64 -L/opt/atk-dlrk3588-toolchain/aarch64-buildroot-linux-gnu/sysroot/usr/lib/../lib64 -L/opt/atk-dlrk3588-toolchain/bin/../lib/gcc/aarch64-buildroot-linux-gnu/10.4.0/../../../../aarch64-buildroot-linux-gnu/lib -L/opt/atk-dlrk3588-toolchain/aarch64-buildroot-linux-gnu/sysroot/lib -L/opt/atk-dlrk3588-toolchain/aarch64-buildroot-linux-gnu/sysroot/usr/lib -z max-page-size=4096 -z common-page-size=4096 -z now -z relro CMakeFiles/cmTC_793e6.dir/CMakeCXXCompilerABI.cpp.o -lstdc++ -lm -lgcc_s -lgcc -lc -lgcc_s -lgcc /opt/atk-dlrk3588-toolchain/bin/../lib/gcc/aarch64-buildroot-linux-gnu/10.4.0/crtendS.o /opt/atk-dlrk3588-toolchain/aarch64-buildroot-linux-gnu/sysroot/lib/../lib64/crtn.o]
    arg [/opt/atk-dlrk3588-toolchain/bin/../libexec/gcc/aarch64-buildroot-linux-gnu/10.4.0/collect2] ==> ignore
    arg [-plugin] ==> ignore
    arg [/opt/atk-dlrk3588-toolchain/bin/../libexec/gcc/aarch64-buildroot-linux-gnu/10.4.0/liblto_plugin.so] ==> ignore
    arg [-plugin-opt=/opt/atk-dlrk3588-toolchain/bin/../libexec/gcc/aarch64-buildroot-linux-gnu/10.4.0/lto-wrapper] ==> ignore
    arg [-plugin-opt=-fresolution=/tmp/ccCujvve.res] ==> ignore
    arg [-plugin-opt=-pass-through=-lgcc_s] ==> ignore
    arg [-plugin-opt=-pass-through=-lgcc] ==> ignore
    arg [-plugin-opt=-pass-through=-lc] ==> ignore
    arg [-plugin-opt=-pass-through=-lgcc_s] ==> ignore
    arg [-plugin-opt=-pass-through=-lgcc] ==> ignore
    arg [--sysroot=/opt/atk-dlrk3588-toolchain/aarch64-buildroot-linux-gnu/sysroot] ==> ignore
    arg [--eh-frame-hdr] ==> ignore
    arg [-dynamic-linker] ==> ignore
    arg [/lib/ld-linux-aarch64.so.1] ==> ignore
    arg [-X] ==> ignore
    arg [-EL] ==> ignore
    arg [-maarch64linux] ==> ignore
    arg [-pie] ==> ignore
    arg [-o] ==> ignore
    arg [cmTC_793e6] ==> ignore
    arg [/opt/atk-dlrk3588-toolchain/aarch64-buildroot-linux-gnu/sysroot/lib/../lib64/Scrt1.o] ==> obj [/opt/atk-dlrk3588-toolchain/aarch64-buildroot-linux-gnu/sysroot/lib/../lib64/Scrt1.o]
    arg [/opt/atk-dlrk3588-toolchain/aarch64-buildroot-linux-gnu/sysroot/lib/../lib64/crti.o] ==> obj [/opt/atk-dlrk3588-toolchain/aarch64-buildroot-linux-gnu/sysroot/lib/../lib64/crti.o]
    arg [/opt/atk-dlrk3588-toolchain/bin/../lib/gcc/aarch64-buildroot-linux-gnu/10.4.0/crtbeginS.o] ==> obj [/opt/atk-dlrk3588-toolchain/bin/../lib/gcc/aarch64-buildroot-linux-gnu/10.4.0/crtbeginS.o]
    arg [-L/opt/atk-dlrk3588-toolchain/bin/../lib/gcc/aarch64-buildroot-linux-gnu/10.4.0] ==> dir [/opt/atk-dlrk3588-toolchain/bin/../lib/gcc/aarch64-buildroot-linux-gnu/10.4.0]
    arg [-L/opt/atk-dlrk3588-toolchain/bin/../lib/gcc] ==> dir [/opt/atk-dlrk3588-toolchain/bin/../lib/gcc]
    arg [-L/opt/atk-dlrk3588-toolchain/bin/../lib/gcc/aarch64-buildroot-linux-gnu/10.4.0/../../../../aarch64-buildroot-linux-gnu/lib/../lib64] ==> dir [/opt/atk-dlrk3588-toolchain/bin/../lib/gcc/aarch64-buildroot-linux-gnu/10.4.0/../../../../aarch64-buildroot-linux-gnu/lib/../lib64]
    arg [-L/opt/atk-dlrk3588-toolchain/aarch64-buildroot-linux-gnu/sysroot/lib/../lib64] ==> dir [/opt/atk-dlrk3588-toolchain/aarch64-buildroot-linux-gnu/sysroot/lib/../lib64]
    arg [-L/opt/atk-dlrk3588-toolchain/aarch64-buildroot-linux-gnu/sysroot/usr/lib/../lib64] ==> dir [/opt/atk-dlrk3588-toolchain/aarch64-buildroot-linux-gnu/sysroot/usr/lib/../lib64]
    arg [-L/opt/atk-dlrk3588-toolchain/bin/../lib/gcc/aarch64-buildroot-linux-gnu/10.4.0/../../../../aarch64-buildroot-linux-gnu/lib] ==> dir [/opt/atk-dlrk3588-toolchain/bin/../lib/gcc/aarch64-buildroot-linux-gnu/10.4.0/../../../../aarch64-buildroot-linux-gnu/lib]
    arg [-L/opt/atk-dlrk3588-toolchain/aarch64-buildroot-linux-gnu/sysroot/lib] ==> dir [/opt/atk-dlrk3588-toolchain/aarch64-buildroot-linux-gnu/sysroot/lib]
    arg [-L/opt/atk-dlrk3588-toolchain/aarch64-buildroot-linux-gnu/sysroot/usr/lib] ==> dir [/opt/atk-dlrk3588-toolchain/aarch64-buildroot-linux-gnu/sysroot/usr/lib]
    arg [-zmax-page-size=4096] ==> ignore
    arg [-zcommon-page-size=4096] ==> ignore
    arg [-znow] ==> ignore
    arg [-zrelro] ==> ignore
    arg [CMakeFiles/cmTC_793e6.dir/CMakeCXXCompilerABI.cpp.o] ==> ignore
    arg [-lstdc++] ==> lib [stdc++]
    arg [-lm] ==> lib [m]
    arg [-lgcc_s] ==> lib [gcc_s]
    arg [-lgcc] ==> lib [gcc]
    arg [-lc] ==> lib [c]
    arg [-lgcc_s] ==> lib [gcc_s]
    arg [-lgcc] ==> lib [gcc]
    arg [/opt/atk-dlrk3588-toolchain/bin/../lib/gcc/aarch64-buildroot-linux-gnu/10.4.0/crtendS.o] ==> obj [/opt/atk-dlrk3588-toolchain/bin/../lib/gcc/aarch64-buildroot-linux-gnu/10.4.0/crtendS.o]
    arg [/opt/atk-dlrk3588-toolchain/aarch64-buildroot-linux-gnu/sysroot/lib/../lib64/crtn.o] ==> obj [/opt/atk-dlrk3588-toolchain/aarch64-buildroot-linux-gnu/sysroot/lib/../lib64/crtn.o]
  collapse obj [/opt/atk-dlrk3588-toolchain/aarch64-buildroot-linux-gnu/sysroot/lib/../lib64/Scrt1.o] ==> [/opt/atk-dlrk3588-toolchain/aarch64-buildroot-linux-gnu/sysroot/lib64/Scrt1.o]
  collapse obj [/opt/atk-dlrk3588-toolchain/aarch64-buildroot-linux-gnu/sysroot/lib/../lib64/crti.o] ==> [/opt/atk-dlrk3588-toolchain/aarch64-buildroot-linux-gnu/sysroot/lib64/crti.o]
  collapse obj [/opt/atk-dlrk3588-toolchain/bin/../lib/gcc/aarch64-buildroot-linux-gnu/10.4.0/crtbeginS.o] ==> [/opt/atk-dlrk3588-toolchain/lib/gcc/aarch64-buildroot-linux-gnu/10.4.0/crtbeginS.o]
  collapse obj [/opt/atk-dlrk3588-toolchain/bin/../lib/gcc/aarch64-buildroot-linux-gnu/10.4.0/crtendS.o] ==> [/opt/atk-dlrk3588-toolchain/lib/gcc/aarch64-buildroot-linux-gnu/10.4.0/crtendS.o]
  collapse obj [/opt/atk-dlrk3588-toolchain/aarch64-buildroot-linux-gnu/sysroot/lib/../lib64/crtn.o] ==> [/opt/atk-dlrk3588-toolchain/aarch64-buildroot-linux-gnu/sysroot/lib64/crtn.o]
  collapse library dir [/opt/atk-dlrk3588-toolchain/bin/../lib/gcc/aarch64-buildroot-linux-gnu/10.4.0] ==> [/opt/atk-dlrk3588-toolchain/lib/gcc/aarch64-buildroot-linux-gnu/10.4.0]
  collapse library dir [/opt/atk-dlrk3588-toolchain/bin/../lib/gcc] ==> [/opt/atk-dlrk3588-toolchain/lib/gcc]
  collapse library dir [/opt/atk-dlrk3588-toolchain/bin/../lib/gcc/aarch64-buildroot-linux-gnu/10.4.0/../../../../aarch64-buildroot-linux-gnu/lib/../lib64] ==> [/opt/atk-dlrk3588-toolchain/aarch64-buildroot-linux-gnu/lib64]
  collapse library dir [/opt/atk-dlrk3588-toolchain/aarch64-buildroot-linux-gnu/sysroot/lib/../lib64] ==> [/opt/atk-dlrk3588-toolchain/aarch64-buildroot-linux-gnu/sysroot/lib64]
  collapse library dir [/opt/atk-dlrk3588-toolchain/aarch64-buildroot-linux-gnu/sysroot/usr/lib/../lib64] ==> [/opt/atk-dlrk3588-toolchain/aarch64-buildroot-linux-gnu/sysroot/usr/lib64]
  collapse library dir [/opt/atk-dlrk3588-toolchain/bin/../lib/gcc/aarch64-buildroot-linux-gnu/10.4.0/../../../../aarch64-buildroot-linux-gnu/lib] ==> [/opt/atk-dlrk3588-toolchain/aarch64-buildroot-linux-gnu/lib]
  collapse library dir [/opt/atk-dlrk3588-toolchain/aarch64-buildroot-linux-gnu/sysroot/lib] ==> [/opt/atk-dlrk3588-toolchain/aarch64-buildroot-linux-gnu/sysroot/lib]
  collapse library dir [/opt/atk-dlrk3588-toolchain/aarch64-buildroot-linux-gnu/sysroot/usr/lib] ==> [/opt/atk-dlrk3588-toolchain/aarch64-buildroot-linux-gnu/sysroot/usr/lib]
  implicit libs: [stdc++;m;gcc_s;gcc;c;gcc_s;gcc]
  implicit objs: [/opt/atk-dlrk3588-toolchain/aarch64-buildroot-linux-gnu/sysroot/lib64/Scrt1.o;/opt/atk-dlrk3588-toolchain/aarch64-buildroot-linux-gnu/sysroot/lib64/crti.o;/opt/atk-dlrk3588-toolchain/lib/gcc/aarch64-buildroot-linux-gnu/10.4.0/crtbeginS.o;/opt/atk-dlrk3588-toolchain/lib/gcc/aarch64-buildroot-linux-gnu/10.4.0/crtendS.o;/opt/atk-dlrk3588-toolchain/aarch64-buildroot-linux-gnu/sysroot/lib64/crtn.o]
  implicit dirs: [/opt/atk-dlrk3588-toolchain/lib/gcc/aarch64-buildroot-linux-gnu/10.4.0;/opt/atk-dlrk3588-toolchain/lib/gcc;/opt/atk-dlrk3588-toolchain/aarch64-buildroot-linux-gnu/lib64;/opt/atk-dlrk3588-toolchain/aarch64-buildroot-linux-gnu/sysroot/lib64;/opt/atk-dlrk3588-toolchain/aarch64-buildroot-linux-gnu/sysroot/usr/lib64;/opt/atk-dlrk3588-toolchain/aarch64-buildroot-linux-gnu/lib;/opt/atk-dlrk3588-toolchain/aarch64-buildroot-linux-gnu/sysroot/lib;/opt/atk-dlrk3588-toolchain/aarch64-buildroot-linux-gnu/sysroot/usr/lib]
  implicit fwks: []


